Component: ARM Compiler 5.05 update 1 (build 106) Tool: armlink [4d0efa]

==============================================================================

Section Cross References

    main.o(i.main) refers to _printf_percent.o(.ARM.Collect$$_printf_percent$$00000000) for _printf_percent
    main.o(i.main) refers to _printf_f.o(.ARM.Collect$$_printf_percent$$00000003) for _printf_f
    main.o(i.main) refers to printf1.o(x$fpl$printf1) for _printf_fp_dec
    main.o(i.main) refers to rt_memclr_w.o(.text) for __aeabi_memclr4
    main.o(i.main) refers to delay.o(i.delay_init) for delay_init
    main.o(i.main) refers to stm32f10x_rcc.o(i.RCC_APB2PeriphClockCmd) for RCC_APB2PeriphClockCmd
    main.o(i.main) refers to stm32f10x_gpio.o(i.GPIO_PinRemapConfig) for GPIO_PinRemapConfig
    main.o(i.main) refers to misc.o(i.NVIC_PriorityGroupConfig) for NVIC_PriorityGroupConfig
    main.o(i.main) refers to usart.o(i.uart_init) for uart_init
    main.o(i.main) refers to oled.o(i.OLED_Init) for OLED_Init
    main.o(i.main) refers to mpu6050.o(i.MPU_Init) for MPU_Init
    main.o(i.main) refers to oled.o(i.OLED_ShowString) for OLED_ShowString
    main.o(i.main) refers to noretval__2printf.o(.text) for __2printf
    main.o(i.main) refers to oled.o(i.OLED_Refresh_Gram) for OLED_Refresh_Gram
    main.o(i.main) refers to delay.o(i.delay_ms) for delay_ms
    main.o(i.main) refers to inv_mpu.o(i.mpu_dmp_init) for mpu_dmp_init
    main.o(i.main) refers to oled.o(i.OLED_Clear) for OLED_Clear
    main.o(i.main) refers to inv_mpu.o(i.mpu_dmp_get_data) for mpu_dmp_get_data
    main.o(i.main) refers to f2d.o(x$fpl$f2d) for __aeabi_f2d
    main.o(i.main) refers to noretval__2sprintf.o(.text) for __2sprintf
    system_stm32f10x.o(i.SetSysClock) refers to system_stm32f10x.o(i.SetSysClockTo72) for SetSysClockTo72
    system_stm32f10x.o(i.SystemCoreClockUpdate) refers to system_stm32f10x.o(.data) for SystemCoreClock
    system_stm32f10x.o(i.SystemInit) refers to system_stm32f10x.o(i.SetSysClock) for SetSysClock
    key.o(i.KEY_Init) refers to stm32f10x_rcc.o(i.RCC_APB2PeriphClockCmd) for RCC_APB2PeriphClockCmd
    key.o(i.KEY_Init) refers to stm32f10x_gpio.o(i.GPIO_Init) for GPIO_Init
    key.o(i.KEY_Scan) refers to stm32f10x_gpio.o(i.GPIO_ReadInputDataBit) for GPIO_ReadInputDataBit
    key.o(i.KEY_Scan) refers to delay.o(i.delay_ms) for delay_ms
    key.o(i.KEY_Scan) refers to key.o(.data) for key_up
    mpuiic.o(i.MPU_IIC_Ack) refers to mpuiic.o(i.MPU_IIC_Delay) for MPU_IIC_Delay
    mpuiic.o(i.MPU_IIC_Delay) refers to delay.o(i.delay_us) for delay_us
    mpuiic.o(i.MPU_IIC_Init) refers to stm32f10x_rcc.o(i.RCC_APB2PeriphClockCmd) for RCC_APB2PeriphClockCmd
    mpuiic.o(i.MPU_IIC_Init) refers to stm32f10x_gpio.o(i.GPIO_Init) for GPIO_Init
    mpuiic.o(i.MPU_IIC_Init) refers to stm32f10x_gpio.o(i.GPIO_SetBits) for GPIO_SetBits
    mpuiic.o(i.MPU_IIC_NAck) refers to mpuiic.o(i.MPU_IIC_Delay) for MPU_IIC_Delay
    mpuiic.o(i.MPU_IIC_Read_Byte) refers to mpuiic.o(i.MPU_IIC_Delay) for MPU_IIC_Delay
    mpuiic.o(i.MPU_IIC_Read_Byte) refers to mpuiic.o(i.MPU_IIC_NAck) for MPU_IIC_NAck
    mpuiic.o(i.MPU_IIC_Read_Byte) refers to mpuiic.o(i.MPU_IIC_Ack) for MPU_IIC_Ack
    mpuiic.o(i.MPU_IIC_Send_Byte) refers to mpuiic.o(i.MPU_IIC_Delay) for MPU_IIC_Delay
    mpuiic.o(i.MPU_IIC_Start) refers to mpuiic.o(i.MPU_IIC_Delay) for MPU_IIC_Delay
    mpuiic.o(i.MPU_IIC_Stop) refers to mpuiic.o(i.MPU_IIC_Delay) for MPU_IIC_Delay
    mpuiic.o(i.MPU_IIC_Wait_Ack) refers to mpuiic.o(i.MPU_IIC_Delay) for MPU_IIC_Delay
    mpuiic.o(i.MPU_IIC_Wait_Ack) refers to mpuiic.o(i.MPU_IIC_Stop) for MPU_IIC_Stop
    mpu6050.o(i.MPU_Get_Accelerometer) refers to mpu6050.o(i.MPU_Read_Len) for MPU_Read_Len
    mpu6050.o(i.MPU_Get_Gyroscope) refers to mpu6050.o(i.MPU_Read_Len) for MPU_Read_Len
    mpu6050.o(i.MPU_Get_Temperature) refers to mpu6050.o(i.MPU_Read_Len) for MPU_Read_Len
    mpu6050.o(i.MPU_Get_Temperature) refers to dflt_clz.o(x$fpl$dflt) for __aeabi_i2d
    mpu6050.o(i.MPU_Get_Temperature) refers to ddiv.o(x$fpl$ddiv) for __aeabi_ddiv
    mpu6050.o(i.MPU_Get_Temperature) refers to daddsub_clz.o(x$fpl$dadd) for __aeabi_dadd
    mpu6050.o(i.MPU_Get_Temperature) refers to d2f.o(x$fpl$d2f) for __aeabi_d2f
    mpu6050.o(i.MPU_Get_Temperature) refers to fmul.o(x$fpl$fmul) for __aeabi_fmul
    mpu6050.o(i.MPU_Get_Temperature) refers to ffix.o(x$fpl$ffix) for __aeabi_f2iz
    mpu6050.o(i.MPU_Init) refers to mpuiic.o(i.MPU_IIC_Init) for MPU_IIC_Init
    mpu6050.o(i.MPU_Init) refers to mpu6050.o(i.MPU_Write_Byte) for MPU_Write_Byte
    mpu6050.o(i.MPU_Init) refers to delay.o(i.delay_ms) for delay_ms
    mpu6050.o(i.MPU_Init) refers to mpu6050.o(i.MPU_Set_Gyro_Fsr) for MPU_Set_Gyro_Fsr
    mpu6050.o(i.MPU_Init) refers to mpu6050.o(i.MPU_Set_Accel_Fsr) for MPU_Set_Accel_Fsr
    mpu6050.o(i.MPU_Init) refers to mpu6050.o(i.MPU_Set_Rate) for MPU_Set_Rate
    mpu6050.o(i.MPU_Init) refers to mpu6050.o(i.MPU_Read_Byte) for MPU_Read_Byte
[...]
    i.USART_ITConfig                         0x080023f8   Section        0  stm32f10x_usart.o(i.USART_ITConfig)
    i.USART_Init                             0x08002444   Section        0  stm32f10x_usart.o(i.USART_Init)
    i.USART_ReceiveData                      0x0800251c   Section        0  stm32f10x_usart.o(i.USART_ReceiveData)
    i.UsageFault_Handler                     0x08002526   Section        0  stm32f10x_it.o(i.UsageFault_Handler)
    i.__ARM_fpclassify                       0x0800252a   Section        0  fpclassify.o(i.__ARM_fpclassify)
    i.__kernel_poly                          0x08002552   Section        0  poly.o(i.__kernel_poly)
    i.__mathlib_dbl_infnan                   0x080025fc   Section        0  dunder.o(i.__mathlib_dbl_infnan)
    i.__mathlib_dbl_infnan2                  0x08002602   Section        0  dunder.o(i.__mathlib_dbl_infnan2)
    i.__mathlib_dbl_invalid                  0x08002606   Section        0  dunder.o(i.__mathlib_dbl_invalid)
    i.__mathlib_dbl_underflow                0x08002614   Section        0  dunder.o(i.__mathlib_dbl_underflow)
    i._is_digit                              0x08002624   Section        0  __printf_wp.o(i._is_digit)
    i._sys_exit                              0x08002632   Section        0  usart.o(i._sys_exit)
    i.accel_self_test                        0x08002638   Section        0  inv_mpu.o(i.accel_self_test)
    accel_self_test                          0x08002639   Thumb Code   164  inv_mpu.o(i.accel_self_test)
    i.asin                                   0x080026e0   Section        0  asin.o(i.asin)
    i.atan                                   0x08002950   Section        0  atan.o(i.atan)
    i.atan2                                  0x08002b70   Section        0  atan2.o(i.atan2)
    i.decode_gesture                         0x08002cf0   Section        0  inv_mpu_dmp_motion_driver.o(i.decode_gesture)
    decode_gesture                           0x08002cf1   Thumb Code    94  inv_mpu_dmp_motion_driver.o(i.decode_gesture)
    i.delay_init                             0x08002d54   Section        0  delay.o(i.delay_init)
    i.delay_ms                               0x08002d98   Section        0  delay.o(i.delay_ms)
    i.delay_us                               0x08002de4   Section        0  delay.o(i.delay_us)
    i.dmp_enable_6x_lp_quat                  0x08002e30   Section        0  inv_mpu_dmp_motion_driver.o(i.dmp_enable_6x_lp_quat)
    i.dmp_enable_feature                     0x08002e6c   Section        0  inv_mpu_dmp_motion_driver.o(i.dmp_enable_feature)
    i.dmp_enable_gyro_cal                    0x08003088   Section        0  inv_mpu_dmp_motion_driver.o(i.dmp_enable_gyro_cal)
    i.dmp_enable_lp_quat                     0x080030e0   Section        0  inv_mpu_dmp_motion_driver.o(i.dmp_enable_lp_quat)
    i.dmp_load_motion_driver_firmware        0x0800311c   Section        0  inv_mpu_dmp_motion_driver.o(i.dmp_load_motion_driver_firmware)
    i.dmp_read_fifo                          0x08003134   Section        0  inv_mpu_dmp_motion_driver.o(i.dmp_read_fifo)
    i.dmp_set_accel_bias                     0x08003300   Section        0  inv_mpu_dmp_motion_driver.o(i.dmp_set_accel_bias)
    i.dmp_set_fifo_rate                      0x08003430   Section        0  inv_mpu_dmp_motion_driver.o(i.dmp_set_fifo_rate)
    i.dmp_set_gyro_bias                      0x080034a0   Section        0  inv_mpu_dmp_motion_driver.o(i.dmp_set_gyro_bias)
    i.dmp_set_orientation                    0x080035d0   Section        0  inv_mpu_dmp_motion_driver.o(i.dmp_set_orientation)
    i.dmp_set_shake_reject_thresh            0x08003708   Section        0  inv_mpu_dmp_motion_driver.o(i.dmp_set_shake_reject_thresh)
    i.dmp_set_shake_reject_time              0x08003740   Section        0  inv_mpu_dmp_motion_driver.o(i.dmp_set_shake_reject_time)
    i.dmp_set_shake_reject_timeout           0x08003766   Section        0  inv_mpu_dmp_motion_driver.o(i.dmp_set_shake_reject_timeout)
    i.dmp_set_tap_axes                       0x0800378c   Section        0  inv_mpu_dmp_motion_driver.o(i.dmp_set_tap_axes)
    i.dmp_set_tap_count                      0x080037d2   Section        0  inv_mpu_dmp_motion_driver.o(i.dmp_set_tap_count)
    i.dmp_set_tap_thresh                     0x080037f8   Section        0  inv_mpu_dmp_motion_driver.o(i.dmp_set_tap_thresh)
    i.dmp_set_tap_time                       0x08003998   Section        0  inv_mpu_dmp_motion_driver.o(i.dmp_set_tap_time)
    i.dmp_set_tap_time_multi                 0x080039be   Section        0  inv_mpu_dmp_motion_driver.o(i.dmp_set_tap_time_multi)
    i.fputc                                  0x080039e4   Section        0  usart.o(i.fputc)
    i.get_accel_prod_shift                   0x08003a00   Section        0  inv_mpu.o(i.get_accel_prod_shift)
    get_accel_prod_shift                     0x08003a01   Thumb Code   168  inv_mpu.o(i.get_accel_prod_shift)
    i.get_st_biases                          0x08003ab4   Section        0  inv_mpu.o(i.get_st_biases)
    get_st_biases                            0x08003ab5   Thumb Code  1132  inv_mpu.o(i.get_st_biases)
    i.gyro_self_test                         0x08003f24   Section        0  inv_mpu.o(i.gyro_self_test)
    gyro_self_test                           0x08003f25   Thumb Code   256  inv_mpu.o(i.gyro_self_test)
    i.inv_orientation_matrix_to_scalar       0x08004034   Section        0  inv_mpu.o(i.inv_orientation_matrix_to_scalar)
    i.inv_row_2_scale                        0x0800405c   Section        0  inv_mpu.o(i.inv_row_2_scale)
    i.main                                   0x080040ac   Section        0  main.o(i.main)
    i.mget_ms                                0x080041e8   Section        0  inv_mpu.o(i.mget_ms)
    i.mpu_configure_fifo                     0x080041ec   Section        0  inv_mpu.o(i.mpu_configure_fifo)
    i.mpu_dmp_get_data                       0x0800425c   Section        0  inv_mpu.o(i.mpu_dmp_get_data)
    i.mpu_dmp_init                           0x08004480   Section        0  inv_mpu.o(i.mpu_dmp_init)
    i.mpu_get_accel_fsr                      0x08004520   Section        0  inv_mpu.o(i.mpu_get_accel_fsr)
    i.mpu_get_accel_sens                     0x0800456c   Section        0  inv_mpu.o(i.mpu_get_accel_sens)
    i.mpu_get_fifo_config                    0x080045c0   Section        0  inv_mpu.o(i.mpu_get_fifo_config)
    i.mpu_get_gyro_fsr                       0x080045d0   Section        0  inv_mpu.o(i.mpu_get_gyro_fsr)
    i.mpu_get_gyro_sens                      0x08004614   Section        0  inv_mpu.o(i.mpu_get_gyro_sens)
    i.mpu_get_lpf                            0x08004664   Section        0  inv_mpu.o(i.mpu_get_lpf)
    i.mpu_get_sample_rate                    0x080046b4   Section        0  inv_mpu.o(i.mpu_get_sample_rate)
    i.mpu_init                               0x080046d4   Section        0  inv_mpu.o(i.mpu_init)
    i.mpu_load_firmware                      0x080048c4   Section        0  inv_mpu.o(i.mpu_load_firmware)
    i.mpu_lp_accel_mode                      0x0800497c   Section        0  inv_mpu.o(i.mpu_lp_accel_mode)
    i.mpu_read_fifo_stream                   0x08004a5c   Section        0  inv_mpu.o(i.mpu_read_fifo_stream)
    i.mpu_read_mem                           0x08004b1c   Section        0  inv_mpu.o(i.mpu_read_mem)
    i.mpu_reset_fifo                         0x08004b9c   Section        0  inv_mpu.o(i.mpu_reset_fifo)
    i.mpu_run_self_test                      0x08004d64   Section        0  inv_mpu.o(i.mpu_run_self_test)
    i.mpu_set_accel_fsr                      0x08004e80   Section        0  inv_mpu.o(i.mpu_set_accel_fsr)
    i.mpu_set_bypass                         0x08004f04   Section        0  inv_mpu.o(i.mpu_set_bypass)
    i.mpu_set_dmp_state                      0x08005050   Section        0  inv_mpu.o(i.mpu_set_dmp_state)
    i.mpu_set_gyro_fsr                       0x080050e0   Section        0  inv_mpu.o(i.mpu_set_gyro_fsr)
    i.mpu_set_int_latched                    0x08005168   Section        0  inv_mpu.o(i.mpu_set_int_latched)
    i.mpu_set_lpf                            0x080051d4   Section        0  inv_mpu.o(i.mpu_set_lpf)
    i.mpu_set_sample_rate                    0x08005258   Section        0  inv_mpu.o(i.mpu_set_sample_rate)
    i.mpu_set_sensors                        0x080052f4   Section        0  inv_mpu.o(i.mpu_set_sensors)
    i.mpu_write_mem                          0x080053c4   Section        0  inv_mpu.o(i.mpu_write_mem)
    i.run_self_test                          0x08005444   Section        0  inv_mpu.o(i.run_self_test)
    i.set_int_enable                         0x080054d8   Section        0  inv_mpu.o(i.set_int_enable)
    set_int_enable                           0x080054d9   Thumb Code   138  inv_mpu.o(i.set_int_enable)
    i.sqrt                                   0x08005568   Section        0  sqrt.o(i.sqrt)
    i.uart_init                              0x080055b4   Section        0  usart.o(i.uart_init)
    locale$$code                             0x08005654   Section       44  lc_numeric_c.o(locale$$code)
    x$fpl$d2f                                0x08005680   Section       98  d2f.o(x$fpl$d2f)
    x$fpl$dadd                               0x080056e4   Section      336  daddsub_clz.o(x$fpl$dadd)
    _dadd1                                   0x080056f5   Thumb Code     0  daddsub_clz.o(x$fpl$dadd)
    x$fpl$dcheck1                            0x08005834   Section       16  dcheck1.o(x$fpl$dcheck1)
    x$fpl$ddiv                               0x08005844   Section      688  ddiv.o(x$fpl$ddiv)
    ddiv_entry                               0x0800584b   Thumb Code     0  ddiv.o(x$fpl$ddiv)
    x$fpl$dmul                               0x08005af4   Section      340  dmul.o(x$fpl$dmul)
    x$fpl$dnaninf                            0x08005c48   Section      156  dnaninf.o(x$fpl$dnaninf)
    x$fpl$dretinf                            0x08005ce4   Section       12  dretinf.o(x$fpl$dretinf)
    x$fpl$drsb                               0x08005cf0   Section       22  daddsub_clz.o(x$fpl$drsb)
    x$fpl$dsqrt                              0x08005d08   Section      460  dsqrt_noumaal.o(x$fpl$dsqrt)
    x$fpl$dsub                               0x08005ed4   Section      468  daddsub_clz.o(x$fpl$dsub)
    _dsub1                                   0x08005ee5   Thumb Code     0  daddsub_clz.o(x$fpl$dsub)
    x$fpl$f2d                                0x080060a8   Section       86  f2d.o(x$fpl$f2d)
    x$fpl$fadd                               0x08006100   Section      196  faddsub_clz.o(x$fpl$fadd)
    _fadd1                                   0x0800610f   Thumb Code     0  faddsub_clz.o(x$fpl$fadd)
    x$fpl$fcmpinf                            0x080061c4   Section       24  fcmpi.o(x$fpl$fcmpinf)
    x$fpl$fdiv                               0x080061dc   Section      388  fdiv.o(x$fpl$fdiv)
    _fdiv1                                   0x080061dd   Thumb Code     0  fdiv.o(x$fpl$fdiv)
    x$fpl$feqf                               0x08006360   Section      104  feqf.o(x$fpl$feqf)
    x$fpl$ffix                               0x080063c8   Section       54  ffix.o(x$fpl$ffix)
    x$fpl$ffixu                              0x08006400   Section       62  ffixu.o(x$fpl$ffixu)
    x$fpl$fflt                               0x08006440   Section       48  fflt_clz.o(x$fpl$fflt)
    x$fpl$ffltu                              0x08006470   Section       38  fflt_clz.o(x$fpl$ffltu)
    x$fpl$fleqf                              0x08006498   Section      104  fleqf.o(x$fpl$fleqf)
    x$fpl$fmul                               0x08006500   Section      258  fmul.o(x$fpl$fmul)
    x$fpl$fnaninf                            0x08006602   Section      140  fnaninf.o(x$fpl$fnaninf)
    x$fpl$fretinf                            0x0800668e   Section       10  fretinf.o(x$fpl$fretinf)
    x$fpl$frleqf                             0x08006698   Section       98  frleqf.o(x$fpl$frleqf)
    x$fpl$fsub                               0x080066fc   Section      234  faddsub_clz.o(x$fpl$fsub)
    _fsub1                                   0x0800670b   Thumb Code     0  faddsub_clz.o(x$fpl$fsub)
    x$fpl$printf1                            0x080067e6   Section        4  printf1.o(x$fpl$printf1)
    x$fpl$retnan                             0x080067ea   Section      100  retnan.o(x$fpl$retnan)
    x$fpl$scalbn                             0x0800684e   Section       92  scalbn.o(x$fpl$scalbn)
    x$fpl$trapveneer                         0x080068aa   Section       48  trapv.o(x$fpl$trapveneer)
    x$fpl$usenofp                            0x080068da   Section        0  usenofp.o(x$fpl$usenofp)
    .constdata                               0x080068dc   Section       80  inv_mpu.o(.constdata)
    .constdata                               0x0800692c   Section     3062  inv_mpu_dmp_motion_driver.o(.constdata)
    dmp_memory                               0x0800692c   Data        3062  inv_mpu_dmp_motion_driver.o(.constdata)
    .constdata                               0x08007522   Section     2660  oled.o(.constdata)
    .constdata                               0x08007f86   Section       17  __printf_flags_wp.o(.constdata)
    maptable                                 0x08007f86   Data          17  __printf_flags_wp.o(.constdata)
    .constdata                               0x08007f98   Section       80  asin.o(.constdata)
    pS                                       0x08007f98   Data          48  asin.o(.constdata)
    qS                                       0x08007fc8   Data          32  asin.o(.constdata)
    .constdata                               0x08007fe8   Section      152  atan.o(.constdata)
    atanhi                                   0x08007fe8   Data          32  atan.o(.constdata)
    atanlo                                   0x08008008   Data          32  atan.o(.constdata)
    aTodd                                    0x08008028   Data          40  atan.o(.constdata)
    aTeven                                   0x08008050   Data          48  atan.o(.constdata)
    .constdata                               0x08008080   Section        8  qnan.o(.constdata)
    .constdata                               0x08008088   Section      148  bigflt0.o(.constdata)
    tenpwrs_x                                0x08008088   Data          60  bigflt0.o(.constdata)
    tenpwrs_i                                0x080080c4   Data          64  bigflt0.o(.constdata)
    .conststring                             0x0800811c   Section       77  inv_mpu.o(.conststring)
    locale$$data                             0x0800818c   Section       28  lc_numeric_c.o(locale$$data)
    __lcnum_c_name                           0x08008190   Data           2  lc_numeric_c.o(locale$$data)
    __lcnum_c_start                          0x08008198   Data           0  lc_numeric_c.o(locale$$data)
    __lcnum_c_point                          0x080081a4   Data           0  lc_numeric_c.o(locale$$data)
    __lcnum_c_thousands                      0x080081a6   Data           0  lc_numeric_c.o(locale$$data)
    __lcnum_c_grouping                       0x080081a7   Data           0  lc_numeric_c.o(locale$$data)
    __lcnum_c_end                            0x080081a8   Data           0  lc_numeric_c.o(locale$$data)
    .data                                    0x20000000   Section       20  system_stm32f10x.o(.data)
    .data                                    0x20000014   Section       53  inv_mpu.o(.data)
    st                                       0x20000014   Data          44  inv_mpu.o(.data)
    gyro_orientation                         0x20000040   Data           9  inv_mpu.o(.data)
    .data                                    0x2000004a   Section        4  delay.o(.data)
    fac_us                                   0x2000004a   Data           1  delay.o(.data)
    fac_ms                                   0x2000004c   Data           2  delay.o(.data)
    .data                                    0x20000050   Section        6  usart.o(.data)
    .data                                    0x20000056   Section       20  stm32f10x_rcc.o(.data)
    APBAHBPrescTable                         0x20000056   Data          16  stm32f10x_rcc.o(.data)
    ADCPrescTable                            0x20000066   Data           4  stm32f10x_rcc.o(.data)
    .bss                                     0x2000006c   Section       16  inv_mpu_dmp_motion_driver.o(.bss)
    dmp                                      0x2000006c   Data          16  inv_mpu_dmp_motion_driver.o(.bss)
    .bss                                     0x2000007c   Section     1024  oled.o(.bss)
    .bss                                     0x2000047c   Section      200  usart.o(.bss)
    .bss                                     0x20000544   Section       96  libspace.o(.bss)
    HEAP                                     0x200005a8   Section      512  startup_stm32f10x_hd.o(HEAP)
    Heap_Mem                                 0x200005a8   Data         512  startup_stm32f10x_hd.o(HEAP)
    STACK                                    0x200007a8   Section     1024  startup_stm32f10x_hd.o(STACK)
    Stack_Mem                                0x200007a8   Data        1024  startup_stm32f10x_hd.o(STACK)
    __initial_sp                             0x20000ba8   Data           0  startup_stm32f10x_hd.o(STACK)

    Global Symbols

    Symbol Name                              Value     Ov Type        Size  Object(Section)

    BuildAttributes$$THM_ISAv4$P$D$K$B$S$PE$A:L22UL41UL21$X:L11$S22US41US21$IEEE1$IW$USESV6$~STKCKD$USESV7$~SHL$OTIME$ROPI$IEEEX$EBA8$UX$STANDARDLIB$REQ8$PRES8$EABIv2 0x00000000   Number         0  anon$$obj.o ABSOLUTE
    __ARM_use_no_argv                        0x00000000   Number         0  main.o ABSOLUTE
    _printf_flags                            0x00000000   Number         0  printf_stubs.o ABSOLUTE
    _printf_return_value                     0x00000000   Number         0  printf_stubs.o ABSOLUTE
    _printf_sizespec                         0x00000000   Number         0  printf_stubs.o ABSOLUTE
    _printf_widthprec                        0x00000000   Number         0  printf_stubs.o ABSOLUTE
    __ARM_exceptions_init                     - Undefined Weak Reference
    __alloca_initialize                       - Undefined Weak Reference
    __arm_preinit_                            - Undefined Weak Reference
    __cpp_initialize__aeabi_                  - Undefined Weak Reference
    __cxa_finalize                            - Undefined Weak Reference
    __sigvec_lookup                           - Undefined Weak Reference
    _atexit_init                              - Undefined Weak Reference
    _call_atexit_fns                          - Undefined Weak Reference
    _clock_init                               - Undefined Weak Reference
    _fp_trap_init                             - Undefined Weak Reference
    _fp_trap_shutdown                         - Undefined Weak Reference
    _get_lc_collate                           - Undefined Weak Reference
    _get_lc_ctype                             - Undefined Weak Reference
    _get_lc_monetary                          - Undefined Weak Reference
    _get_lc_time                              - Undefined Weak Reference
    _getenv_init                              - Undefined Weak Reference
    _handle_redirection                       - Undefined Weak Reference
    _init_alloc                               - Undefined Weak Reference
    _init_user_alloc                          - Undefined Weak Reference
    _initio                                   - Undefined Weak Reference
    _mutex_acquire                            - Undefined Weak Reference
    _mutex_release                            - Undefined Weak Reference
    _printf_truncate_signed                   - Undefined Weak Reference
    _printf_truncate_unsigned                 - Undefined Weak Reference
    _rand_init                                - Undefined Weak Reference
    _signal_finish                            - Undefined Weak Reference
    _signal_init                              - Undefined Weak Reference
    _terminate_alloc                          - Undefined Weak Reference
    _terminate_user_alloc                     - Undefined Weak Reference
    _terminateio                              - Undefined Weak Reference
    __Vectors_Size                           0x00000130   Number         0  startup_stm32f10x_hd.o ABSOLUTE
    __Vectors                                0x08000000   Data           4  startup_stm32f10x_hd.o(RESET)
    __Vectors_End                            0x08000130   Data           0  startup_stm32f10x_hd.o(RESET)
    __main                                   0x08000131   Thumb Code     8  __main.o(!!!main)
    __scatterload                            0x08000139   Thumb Code     0  __scatter.o(!!!scatter)
    __scatterload_rt2                        0x08000139   Thumb Code    44  __scatter.o(!!!scatter)
    __scatterload_rt2_thumb_only             0x08000139   Thumb Code     0  __scatter.o(!!!scatter)
    __scatterload_null                       0x08000147   Thumb Code     0  __scatter.o(!!!scatter)
    __scatterload_copy                       0x0800016d   Thumb Code    26  __scatter_copy.o(!!handler_copy)
    __scatterload_zeroinit                   0x08000189   Thumb Code    28  __scatter_zi.o(!!handler_zi)
    _printf_f                                0x080001a5   Thumb Code     0  _printf_f.o(.ARM.Collect$$_printf_percent$$00000003)
    _printf_percent                          0x080001a5   Thumb Code     0  _printf_percent.o(.ARM.Collect$$_printf_percent$$00000000)
    _printf_d                                0x080001ab   Thumb Code     0  _printf_d.o(.ARM.Collect$$_printf_percent$$00000009)
    _printf_percent_end                      0x080001b1   Thumb Code     0  _printf_percent_end.o(.ARM.Collect$$_printf_percent$$00000017)
    __rt_lib_init                            0x080001b5   Thumb Code     0  libinit.o(.ARM.Collect$$libinit$$00000000)
    __rt_lib_init_fp_1                       0x080001b7   Thumb Code     0  libinit2.o(.ARM.Collect$$libinit$$00000002)
    __rt_lib_init_heap_1                     0x080001b7   Thumb Code     0  libinit2.o(.ARM.Collect$$libinit$$0000000A)
    __rt_lib_init_lc_common                  0x080001b7   Thumb Code     0  libinit2.o(.ARM.Collect$$libinit$$0000000F)
    __rt_lib_init_preinit_1                  0x080001b7   Thumb Code     0  libinit2.o(.ARM.Collect$$libinit$$00000004)
    __rt_lib_init_rand_1                     0x080001b7   Thumb Code     0  libinit2.o(.ARM.Collect$$libinit$$0000000E)
    __rt_lib_init_user_alloc_1               0x080001b7   Thumb Code     0  libinit2.o(.ARM.Collect$$libinit$$0000000C)
    __rt_lib_init_lc_collate_1               0x080001bd   Thumb Code     0  libinit2.o(.ARM.Collect$$libinit$$00000011)
    __rt_lib_init_lc_ctype_1                 0x080001bd   Thumb Code     0  libinit2.o(.ARM.Collect$$libinit$$00000013)
    __rt_lib_init_lc_monetary_1              0x080001bd   Thumb Code     0  libinit2.o(.ARM.Collect$$libinit$$00000015)
    __rt_lib_init_lc_numeric_2               0x080001bd   Thumb Code     0  libinit2.o(.ARM.Collect$$libinit$$00000016)
    __rt_lib_init_alloca_1                   0x080001c7   Thumb Code     0  libinit2.o(.ARM.Collect$$libinit$$0000002E)
    __rt_lib_init_argv_1                     0x080001c7   Thumb Code     0  libinit2.o(.ARM.Collect$$libinit$$0000002C)
    __rt_lib_init_atexit_1                   0x080001c7   Thumb Code     0  libinit2.o(.ARM.Collect$$libinit$$0000001B)
    __rt_lib_init_clock_1                    0x080001c7   Thumb Code     0  libinit2.o(.ARM.Collect$$libinit$$00000021)
    __rt_lib_init_cpp_1                      0x080001c7   Thumb Code     0  libinit2.o(.ARM.Collect$$libinit$$00000032)
    __rt_lib_init_exceptions_1               0x080001c7   Thumb Code     0  libinit2.o(.ARM.Collect$$libinit$$00000030)
    __rt_lib_init_fp_trap_1                  0x080001c7   Thumb Code     0  libinit2.o(.ARM.Collect$$libinit$$0000001F)
    __rt_lib_init_getenv_1                   0x080001c7   Thumb Code     0  libinit2.o(.ARM.Collect$$libinit$$00000023)
    __rt_lib_init_lc_numeric_1               0x080001c7   Thumb Code     0  libinit2.o(.ARM.Collect$$libinit$$00000017)
    __rt_lib_init_lc_time_1                  0x080001c7   Thumb Code     0  libinit2.o(.ARM.Collect$$libinit$$00000019)
    __rt_lib_init_return                     0x080001c7   Thumb Code     0  libinit2.o(.ARM.Collect$$libinit$$00000033)
    __rt_lib_init_signal_1                   0x080001c7   Thumb Code     0  libinit2.o(.ARM.Collect$$libinit$$0000001D)
    __rt_lib_init_stdio_1                    0x080001c7   Thumb Code     0  libinit2.o(.ARM.Collect$$libinit$$00000025)
    __rt_lib_shutdown                        0x080001c9   Thumb Code     0  libshutdown.o(.ARM.Collect$$libshutdown$$00000000)
    __rt_lib_shutdown_fp_trap_1              0x080001cb   Thumb Code     0  libshutdown2.o(.ARM.Collect$$libshutdown$$00000006)
    __rt_lib_shutdown_heap_1                 0x080001cb   Thumb Code     0  libshutdown2.o(.ARM.Collect$$libshutdown$$0000000E)
    __rt_lib_shutdown_return                 0x080001cb   Thumb Code     0  libshutdown2.o(.ARM.Collect$$libshutdown$$0000000F)
    __rt_lib_shutdown_signal_1               0x080001cb   Thumb Code     0  libshutdown2.o(.ARM.Collect$$libshutdown$$00000009)
    __rt_lib_shutdown_stdio_1                0x080001cb   Thumb Code     0  libshutdown2.o(.ARM.Collect$$libshutdown$$00000003)
    __rt_lib_shutdown_user_alloc_1           0x080001cb   Thumb Code     0  libshutdown2.o(.ARM.Collect$$libshutdown$$0000000B)
    __rt_entry                               0x080001cd   Thumb Code     0  __rtentry.o(.ARM.Collect$$rtentry$$00000000)
    __rt_entry_presh_1                       0x080001cd   Thumb Code     0  __rtentry2.o(.ARM.Collect$$rtentry$$00000002)
    __rt_entry_sh                            0x080001cd   Thumb Code     0  __rtentry4.o(.ARM.Collect$$rtentry$$00000004)
    __rt_entry_li                            0x080001d3   Thumb Code     0  __rtentry2.o(.ARM.Collect$$rtentry$$0000000A)
    __rt_entry_postsh_1                      0x080001d3   Thumb Code     0  __rtentry2.o(.ARM.Collect$$rtentry$$00000009)
    __rt_entry_main                          0x080001d7   Thumb Code     0  __rtentry2.o(.ARM.Collect$$rtentry$$0000000D)
    __rt_entry_postli_1                      0x080001d7   Thumb Code     0  __rtentry2.o(.ARM.Collect$$rtentry$$0000000C)
    __rt_exit                                0x080001df   Thumb Code     0  rtexit.o(.ARM.Collect$$rtexit$$00000000)
    __rt_exit_ls                             0x080001e1   Thumb Code     0  rtexit2.o(.ARM.Collect$$rtexit$$00000003)
    __rt_exit_prels_1                        0x080001e1   Thumb Code     0  rtexit2.o(.ARM.Collect$$rtexit$$00000002)
    __rt_exit_exit                           0x080001e5   Thumb Code     0  rtexit2.o(.ARM.Collect$$rtexit$$00000004)
    Reset_Handler                            0x080001ed   Thumb Code     8  startup_stm32f10x_hd.o(.text)
    ADC1_2_IRQHandler                        0x08000207   Thumb Code     0  startup_stm32f10x_hd.o(.text)
    ADC3_IRQHandler                          0x08000207   Thumb Code     0  startup_stm32f10x_hd.o(.text)
    CAN1_RX1_IRQHandler                      0x08000207   Thumb Code     0  startup_stm32f10x_hd.o(.text)
    CAN1_SCE_IRQHandler                      0x08000207   Thumb Code     0  startup_stm32f10x_hd.o(.text)
    DMA1_Channel1_IRQHandler                 0x08000207   Thumb Code     0  startup_stm32f10x_hd.o(.text)
    DMA1_Channel2_IRQHandler                 0x08000207   Thumb Code     0  startup_stm32f10x_hd.o(.text)
    DMA1_Channel3_IRQHandler                 0x08000207   Thumb Code     0  startup_stm32f10x_hd.o(.text)
    DMA1_Channel4_IRQHandler                 0x08000207   Thumb Code     0  startup_stm32f10x_hd.o(.text)
    DMA1_Channel5_IRQHandler                 0x08000207   Thumb Code     0  startup_stm32f10x_hd.o(.text)
    DMA1_Channel6_IRQHandler                 0x08000207   Thumb Code     0  startup_stm32f10x_hd.o(.text)
    DMA1_Channel7_IRQHandler                 0x08000207   Thumb Code     0  startup_stm32f10x_hd.o(.text)
    DMA2_Channel1_IRQHandler                 0x08000207   Thumb Code     0  startup_stm32f10x_hd.o(.text)
    DMA2_Channel2_IRQHandler                 0x08000207   Thumb Code     0  startup_stm32f10x_hd.o(.text)
    DMA2_Channel3_IRQHandler                 0x08000207   Thumb Code     0  startup_stm32f10x_hd.o(.text)
    DMA2_Channel4_5_IRQHandler               0x08000207   Thumb Code     0  startup_stm32f10x_hd.o(.text)
    EXTI0_IRQHandler                         0x08000207   Thumb Code     0  startup_stm32f10x_hd.o(.text)
    EXTI15_10_IRQHandler                     0x08000207   Thumb Code     0  startup_stm32f10x_hd.o(.text)
    EXTI1_IRQHandler                         0x08000207   Thumb Code     0  startup_stm32f10x_hd.o(.text)
    EXTI2_IRQHandler                         0x08000207   Thumb Code     0  startup_stm32f10x_hd.o(.text)
    EXTI3_IRQHandler                         0x08000207   Thumb Code     0  startup_stm32f10x_hd.o(.text)
    EXTI4_IRQHandler                         0x08000207   Thumb Code     0  startup_stm32f10x_hd.o(.text)
    EXTI9_5_IRQHandler                       0x08000207   Thumb Code     0  startup_stm32f10x_hd.o(.text)
    FLASH_IRQHandler                         0x08000207   Thumb Code     0  startup_stm32f10x_hd.o(.text)
    FSMC_IRQHandler                          0x08000207   Thumb Code     0  startup_stm32f10x_hd.o(.text)
    I2C1_ER_IRQHandler                       0x08000207   Thumb Code     0  startup_stm32f10x_hd.o(.text)
    I2C1_EV_IRQHandler                       0x08000207   Thumb Code     0  startup_stm32f10x_hd.o(.text)
    I2C2_ER_IRQHandler                       0x08000207   Thumb Code     0  startup_stm32f10x_hd.o(.text)
    I2C2_EV_IRQHandler                       0x08000207   Thumb Code     0  startup_stm32f10x_hd.o(.text)
    PVD_IRQHandler                           0x08000207   Thumb Code     0  startup_stm32f10x_hd.o(.text)
    RCC_IRQHandler                           0x08000207   Thumb Code     0  startup_stm32f10x_hd.o(.text)
    RTCAlarm_IRQHandler                      0x08000207   Thumb Code     0  startup_stm32f10x_hd.o(.text)
    RTC_IRQHandler                           0x08000207   Thumb Code     0  startup_stm32f10x_hd.o(.text)
    SDIO_IRQHandler                          0x08000207   Thumb Code     0  startup_stm32f10x_hd.o(.text)
    SPI1_IRQHandler                          0x08000207   Thumb Code     0  startup_stm32f10x_hd.o(.text)
    SPI2_IRQHandler                          0x08000207   Thumb Code     0  startup_stm32f10x_hd.o(.text)
    SPI3_IRQHandler                          0x08000207   Thumb Code     0  startup_stm32f10x_hd.o(.text)
    TAMPER_IRQHandler                        0x08000207   Thumb Code     0  startup_stm32f10x_hd.o(.text)
    TIM1_BRK_IRQHandler                      0x08000207   Thumb Code     0  startup_stm32f10x_hd.o(.text)
    TIM1_CC_IRQHandler                       0x08000207   Thumb Code     0  startup_stm32f10x_hd.o(.text)
    TIM1_TRG_COM_IRQHandler                  0x08000207   Thumb Code     0  startup_stm32f10x_hd.o(.text)
    TIM1_UP_IRQHandler                       0x08000207   Thumb Code     0  startup_stm32f10x_hd.o(.text)
    TIM2_IRQHandler                          0x08000207   Thumb Code     0  startup_stm32f10x_hd.o(.text)
    TIM3_IRQHandler                          0x08000207   Thumb Code     0  startup_stm32f10x_hd.o(.text)
    TIM4_IRQHandler                          0x08000207   Thumb Code     0  startup_stm32f10x_hd.o(.text)
    TIM5_IRQHandler                          0x08000207   Thumb Code     0  startup_stm32f10x_hd.o(.text)
    TIM6_IRQHandler                          0x08000207   Thumb Code     0  startup_stm32f10x_hd.o(.text)
    TIM7_IRQHandler                          0x08000207   Thumb Code     0  startup_stm32f10x_hd.o(.text)
    TIM8_BRK_IRQHandler                      0x08000207   Thumb Code     0  startup_stm32f10x_hd.o(.text)
    TIM8_CC_IRQHandler                       0x08000207   Thumb Code     0  startup_stm32f10x_hd.o(.text)
    TIM8_TRG_COM_IRQHandler                  0x08000207   Thumb Code     0  startup_stm32f10x_hd.o(.text)
    TIM8_UP_IRQHandler                       0x08000207   Thumb Code     0  startup_stm32f10x_hd.o(.text)
    UART4_IRQHandler                         0x08000207   Thumb Code     0  startup_stm32f10x_hd.o(.text)
    UART5_IRQHandler                         0x08000207   Thumb Code     0  startup_stm32f10x_hd.o(.text)
    USART2_IRQHandler                        0x08000207   Thumb Code     0  startup_stm32f10x_hd.o(.text)
    USART3_IRQHandler                        0x08000207   Thumb Code     0  startup_stm32f10x_hd.o(.text)
    USBWakeUp_IRQHandler                     0x08000207   Thumb Code     0  startup_stm32f10x_hd.o(.text)
    USB_HP_CAN1_TX_IRQHandler                0x08000207   Thumb Code     0  startup_stm32f10x_hd.o(.text)
    USB_LP_CAN1_RX0_IRQHandler               0x08000207   Thumb Code     0  startup_stm32f10x_hd.o(.text)
    WWDG_IRQHandler                          0x08000207   Thumb Code     0  startup_stm32f10x_hd.o(.text)
    __user_initial_stackheap                 0x08000209   Thumb Code     0  startup_stm32f10x_hd.o(.text)
    __use_no_semihosting                     0x0800022d   Thumb Code     2  use_no_semi_2.o(.text)
    __aeabi_ldivmod                          0x0800022f   Thumb Code     0  llsdiv.o(.text)
    _ll_sdiv                                 0x0800022f   Thumb Code    72  llsdiv.o(.text)
    __2printf                                0x08000279   Thumb Code    20  noretval__2printf.o(.text)
    __2sprintf                               0x08000291   Thumb Code    34  noretval__2sprintf.o(.text)
    _printf_int_dec                          0x080002b9   Thumb Code   104  _printf_dec.o(.text)
    __printf                                 0x08000331   Thumb Code   308  __printf_flags_wp.o(.text)
    memcmp                                   0x08000469   Thumb Code    88  memcmp.o(.text)
    __aeabi_memset                           0x080004c1   Thumb Code    16  aeabi_memset.o(.text)
    __aeabi_memclr4                          0x080004d1   Thumb Code     0  rt_memclr_w.o(.text)
    __aeabi_memclr8                          0x080004d1   Thumb Code     0  rt_memclr_w.o(.text)
    __rt_memclr_w                            0x080004d1   Thumb Code    78  rt_memclr_w.o(.text)
    _memset_w                                0x080004d5   Thumb Code     0  rt_memclr_w.o(.text)
    __use_two_region_memory                  0x0800051f   Thumb Code     2  heapauxi.o(.text)
    __rt_heap_escrow$2region                 0x08000521   Thumb Code     2  heapauxi.o(.text)
    __rt_heap_expand$2region                 0x08000523   Thumb Code     2  heapauxi.o(.text)
    __I$use$semihosting                      0x08000525   Thumb Code     0  use_no_semi.o(.text)
    __use_no_semihosting_swi                 0x08000525   Thumb Code     2  use_no_semi.o(.text)
    __aeabi_uldivmod                         0x08000527   Thumb Code     0  lludivv7m.o(.text)
    _ll_udiv                                 0x08000527   Thumb Code   238  lludivv7m.o(.text)
    __read_errno                             0x08000615   Thumb Code    10  _rserrno.o(.text)
    __set_errno                              0x0800061f   Thumb Code    12  _rserrno.o(.text)
    _printf_int_common                       0x0800062b   Thumb Code   178  _printf_intcommon.o(.text)
    __lib_sel_fp_printf                      0x080006dd   Thumb Code     2  _printf_fp_dec.o(.text)
    _printf_fp_dec_real                      0x0800088b   Thumb Code   620  _printf_fp_dec.o(.text)
    _printf_char_common                      0x08000b03   Thumb Code    32  _printf_char_common.o(.text)
    _sputc                                   0x08000b29   Thumb Code    10  _sputc.o(.text)
    _printf_char_file                        0x08000b35   Thumb Code    32  _printf_char_file.o(.text)
    __aeabi_memclr                           0x08000b59   Thumb Code     0  rt_memclr.o(.text)
    __rt_memclr                              0x08000b59   Thumb Code    68  rt_memclr.o(.text)
    _memset                                  0x08000b5d   Thumb Code     0  rt_memclr.o(.text)
    __rt_locale                              0x08000b9d   Thumb Code     8  rt_locale_intlibspace.o(.text)
    __aeabi_errno_addr                       0x08000ba5   Thumb Code     8  rt_errno_addr_intlibspace.o(.text)
    __errno$intlibspace                      0x08000ba5   Thumb Code     0  rt_errno_addr_intlibspace.o(.text)
    __rt_errno_addr$intlibspace              0x08000ba5   Thumb Code     0  rt_errno_addr_intlibspace.o(.text)
    _ll_udiv10                               0x08000bad   Thumb Code   138  lludiv10.o(.text)
    _printf_fp_infnan                        0x08000c39   Thumb Code   112  _printf_fp_infnan.o(.text)
    _btod_etento                             0x08000cb9   Thumb Code   216  bigflt0.o(.text)
    ferror                                   0x08000d95   Thumb Code     8  ferror.o(.text)
    __user_libspace                          0x08000d9d   Thumb Code     8  libspace.o(.text)
    __user_perproc_libspace                  0x08000d9d   Thumb Code     0  libspace.o(.text)
    __user_perthread_libspace                0x08000d9d   Thumb Code     0  libspace.o(.text)
    __user_setup_stackheap                   0x08000da5   Thumb Code    74  sys_stackheap_outer.o(.text)
    exit                                     0x08000def   Thumb Code    12  exit.o(.text)
    strcmp                                   0x08000dfd   Thumb Code   128  strcmpv7m.o(.text)
    _btod_d2e                                0x08000e7d   Thumb Code    62  btod.o(CL$$btod_d2e)
    _d2e_denorm_low                          0x08000ebb   Thumb Code    70  btod.o(CL$$btod_d2e_denorm_low)
    _d2e_norm_op1                            0x08000f01   Thumb Code    96  btod.o(CL$$btod_d2e_norm_op1)
    __btod_div_common                        0x08000f61   Thumb Code   696  btod.o(CL$$btod_div_common)
    _e2e                                     0x08001299   Thumb Code   198  btod.o(CL$$btod_e2e)
    _btod_ediv                               0x0800135f   Thumb Code    40  btod.o(CL$$btod_ediv)
    _btod_emul                               0x08001387   Thumb Code    40  btod.o(CL$$btod_emul)
    __btod_mult_common                       0x080013af   Thumb Code   580  btod.o(CL$$btod_mult_common)
    BusFault_Handler                         0x080015f3   Thumb Code     4  stm32f10x_it.o(i.BusFault_Handler)
    DebugMon_Handler                         0x080015f7   Thumb Code     2  stm32f10x_it.o(i.DebugMon_Handler)
    GPIO_Init                                0x080015f9   Thumb Code   278  stm32f10x_gpio.o(i.GPIO_Init)
    GPIO_PinRemapConfig                      0x08001711   Thumb Code   138  stm32f10x_gpio.o(i.GPIO_PinRemapConfig)
    GPIO_SetBits                             0x080017a1   Thumb Code     4  stm32f10x_gpio.o(i.GPIO_SetBits)
    HardFault_Handler                        0x080017a5   Thumb Code     4  stm32f10x_it.o(i.HardFault_Handler)
    MPU_IIC_Ack                              0x080017a9   Thumb Code    62  mpuiic.o(i.MPU_IIC_Ack)
    MPU_IIC_Delay                            0x080017f5   Thumb Code    10  mpuiic.o(i.MPU_IIC_Delay)
    MPU_IIC_Init                             0x08001801   Thumb Code    46  mpuiic.o(i.MPU_IIC_Init)
    MPU_IIC_NAck                             0x08001835   Thumb Code    62  mpuiic.o(i.MPU_IIC_NAck)
    MPU_IIC_Read_Byte                        0x08001881   Thumb Code    94  mpuiic.o(i.MPU_IIC_Read_Byte)
    MPU_IIC_Send_Byte                        0x080018ed   Thumb Code    80  mpuiic.o(i.MPU_IIC_Send_Byte)
    MPU_IIC_Start                            0x08001949   Thumb Code    60  mpuiic.o(i.MPU_IIC_Start)
    MPU_IIC_Stop                             0x08001991   Thumb Code    58  mpuiic.o(i.MPU_IIC_Stop)
    MPU_IIC_Wait_Ack                         0x080019d9   Thumb Code    86  mpuiic.o(i.MPU_IIC_Wait_Ack)
    MPU_Init                                 0x08001a3d   Thumb Code   128  mpu6050.o(i.MPU_Init)
    MPU_Read_Byte                            0x08001ac1   Thumb Code    58  mpu6050.o(i.MPU_Read_Byte)
    MPU_Read_Len                             0x08001afb   Thumb Code   116  mpu6050.o(i.MPU_Read_Len)
    MPU_Set_Accel_Fsr                        0x08001b6f   Thumb Code    16  mpu6050.o(i.MPU_Set_Accel_Fsr)
    MPU_Set_Gyro_Fsr                         0x08001b7f   Thumb Code    16  mpu6050.o(i.MPU_Set_Gyro_Fsr)
    MPU_Set_LPF                              0x08001b8f   Thumb Code    58  mpu6050.o(i.MPU_Set_LPF)
    MPU_Set_Rate                             0x08001bc9   Thumb Code    58  mpu6050.o(i.MPU_Set_Rate)
    MPU_Write_Byte                           0x08001c03   Thumb Code    68  mpu6050.o(i.MPU_Write_Byte)
    MPU_Write_Len                            0x08001c47   Thumb Code    96  mpu6050.o(i.MPU_Write_Len)
    MemManage_Handler                        0x08001ca7   Thumb Code     4  stm32f10x_it.o(i.MemManage_Handler)
    NMI_Handler                              0x08001cab   Thumb Code     2  stm32f10x_it.o(i.NMI_Handler)
    NVIC_Init                                0x08001cad   Thumb Code   100  misc.o(i.NVIC_Init)
    NVIC_PriorityGroupConfig                 0x08001d1d   Thumb Code    10  misc.o(i.NVIC_PriorityGroupConfig)
    OLED_Clear                               0x08001d31   Thumb Code    42  oled.o(i.OLED_Clear)
    OLED_DrawPoint                           0x08001d61   Thumb Code   100  oled.o(i.OLED_DrawPoint)
    OLED_Init                                0x08001dc9   Thumb Code   280  oled.o(i.OLED_Init)
    OLED_Refresh_Gram                        0x08001ef1   Thumb Code    70  oled.o(i.OLED_Refresh_Gram)
    OLED_ShowChar                            0x08001f3d   Thumb Code   158  oled.o(i.OLED_ShowChar)
    OLED_ShowString                          0x08001fe5   Thumb Code    68  oled.o(i.OLED_ShowString)
    OLED_WR_Byte                             0x08002029   Thumb Code    94  oled.o(i.OLED_WR_Byte)
    PendSV_Handler                           0x08002095   Thumb Code     2  stm32f10x_it.o(i.PendSV_Handler)
    RCC_APB2PeriphClockCmd                   0x08002099   Thumb Code    26  stm32f10x_rcc.o(i.RCC_APB2PeriphClockCmd)
    RCC_GetClocksFreq                        0x080020b9   Thumb Code   192  stm32f10x_rcc.o(i.RCC_GetClocksFreq)
    SVC_Handler                              0x0800218d   Thumb Code     2  stm32f10x_it.o(i.SVC_Handler)
    SysTick_CLKSourceConfig                  0x08002279   Thumb Code    40  misc.o(i.SysTick_CLKSourceConfig)
    SysTick_Handler                          0x080022a1   Thumb Code     2  stm32f10x_it.o(i.SysTick_Handler)
    SystemInit                               0x080022a5   Thumb Code    78  system_stm32f10x.o(i.SystemInit)
    USART1_IRQHandler                        0x08002305   Thumb Code   122  usart.o(i.USART1_IRQHandler)
    USART_Cmd                                0x0800238d   Thumb Code    24  stm32f10x_usart.o(i.USART_Cmd)
    USART_GetITStatus                        0x080023a5   Thumb Code    84  stm32f10x_usart.o(i.USART_GetITStatus)
    USART_ITConfig                           0x080023f9   Thumb Code    74  stm32f10x_usart.o(i.USART_ITConfig)
    USART_Init                               0x08002445   Thumb Code   210  stm32f10x_usart.o(i.USART_Init)
    USART_ReceiveData                        0x0800251d   Thumb Code    10  stm32f10x_usart.o(i.USART_ReceiveData)
    UsageFault_Handler                       0x08002527   Thumb Code     4  stm32f10x_it.o(i.UsageFault_Handler)
    __ARM_fpclassify                         0x0800252b   Thumb Code    40  fpclassify.o(i.__ARM_fpclassify)
    __kernel_poly                            0x08002553   Thumb Code   170  poly.o(i.__kernel_poly)
    __mathlib_dbl_infnan                     0x080025fd   Thumb Code     6  dunder.o(i.__mathlib_dbl_infnan)
    __mathlib_dbl_infnan2                    0x08002603   Thumb Code     4  dunder.o(i.__mathlib_dbl_infnan2)
    __mathlib_dbl_invalid                    0x08002607   Thumb Code    12  dunder.o(i.__mathlib_dbl_invalid)
    __mathlib_dbl_underflow                  0x08002615   Thumb Code    10  dunder.o(i.__mathlib_dbl_underflow)
    _is_digit                                0x08002625   Thumb Code    14  __printf_wp.o(i._is_digit)
    _sys_exit                                0x08002633   Thumb Code     6  usart.o(i._sys_exit)
    asin                                     0x080026e1   Thumb Code   572  asin.o(i.asin)
    atan                                     0x08002951   Thumb Code   474  atan.o(i.atan)
    atan2                                    0x08002b71   Thumb Code   346  atan2.o(i.atan2)
    delay_init                               0x08002d55   Thumb Code    50  delay.o(i.delay_init)
    delay_ms                                 0x08002d99   Thumb Code    72  delay.o(i.delay_ms)
    delay_us                                 0x08002de5   Thumb Code    72  delay.o(i.delay_us)
    dmp_enable_6x_lp_quat                    0x08002e31   Thumb Code    60  inv_mpu_dmp_motion_driver.o(i.dmp_enable_6x_lp_quat)
    dmp_enable_feature                       0x08002e6d   Thumb Code   530  inv_mpu_dmp_motion_driver.o(i.dmp_enable_feature)
    dmp_enable_gyro_cal                      0x08003089   Thumb Code    62  inv_mpu_dmp_motion_driver.o(i.dmp_enable_gyro_cal)
    dmp_enable_lp_quat                       0x080030e1   Thumb Code    60  inv_mpu_dmp_motion_driver.o(i.dmp_enable_lp_quat)
    dmp_load_motion_driver_firmware          0x0800311d   Thumb Code    20  inv_mpu_dmp_motion_driver.o(i.dmp_load_motion_driver_firmware)
    dmp_read_fifo                            0x08003135   Thumb Code   456  inv_mpu_dmp_motion_driver.o(i.dmp_read_fifo)
    dmp_set_accel_bias                       0x08003301   Thumb Code   300  inv_mpu_dmp_motion_driver.o(i.dmp_set_accel_bias)
    dmp_set_fifo_rate                        0x08003431   Thumb Code    96  inv_mpu_dmp_motion_driver.o(i.dmp_set_fifo_rate)
    dmp_set_gyro_bias                        0x080034a1   Thumb Code   294  inv_mpu_dmp_motion_driver.o(i.dmp_set_gyro_bias)
    dmp_set_orientation                      0x080035d1   Thumb Code   290  inv_mpu_dmp_motion_driver.o(i.dmp_set_orientation)
    dmp_set_shake_reject_thresh              0x08003709   Thumb Code    56  inv_mpu_dmp_motion_driver.o(i.dmp_set_shake_reject_thresh)
    dmp_set_shake_reject_time                0x08003741   Thumb Code    38  inv_mpu_dmp_motion_driver.o(i.dmp_set_shake_reject_time)
    dmp_set_shake_reject_timeout             0x08003767   Thumb Code    38  inv_mpu_dmp_motion_driver.o(i.dmp_set_shake_reject_timeout)
    dmp_set_tap_axes                         0x0800378d   Thumb Code    70  inv_mpu_dmp_motion_driver.o(i.dmp_set_tap_axes)
    dmp_set_tap_count                        0x080037d3   Thumb Code    38  inv_mpu_dmp_motion_driver.o(i.dmp_set_tap_count)
    dmp_set_tap_thresh                       0x080037f9   Thumb Code   396  inv_mpu_dmp_motion_driver.o(i.dmp_set_tap_thresh)
    dmp_set_tap_time                         0x08003999   Thumb Code    38  inv_mpu_dmp_motion_driver.o(i.dmp_set_tap_time)
    dmp_set_tap_time_multi                   0x080039bf   Thumb Code    38  inv_mpu_dmp_motion_driver.o(i.dmp_set_tap_time_multi)
    fputc                                    0x080039e5   Thumb Code    24  usart.o(i.fputc)
    inv_orientation_matrix_to_scalar         0x08004035   Thumb Code    40  inv_mpu.o(i.inv_orientation_matrix_to_scalar)
    inv_row_2_scale                          0x0800405d   Thumb Code    78  inv_mpu.o(i.inv_row_2_scale)
    main                                     0x080040ad   Thumb Code   230  main.o(i.main)
    mget_ms                                  0x080041e9   Thumb Code     2  inv_mpu.o(i.mget_ms)
    mpu_configure_fifo                       0x080041ed   Thumb Code   106  inv_mpu.o(i.mpu_configure_fifo)
    mpu_dmp_get_data                         0x0800425d   Thumb Code   544  inv_mpu.o(i.mpu_dmp_get_data)
    mpu_dmp_init                             0x08004481   Thumb Code   154  inv_mpu.o(i.mpu_dmp_init)
    mpu_get_accel_fsr                        0x08004521   Thumb Code    72  inv_mpu.o(i.mpu_get_accel_fsr)
    mpu_get_accel_sens                       0x0800456d   Thumb Code    78  inv_mpu.o(i.mpu_get_accel_sens)
    mpu_get_fifo_config                      0x080045c1   Thumb Code    12  inv_mpu.o(i.mpu_get_fifo_config)
    mpu_get_gyro_fsr                         0x080045d1   Thumb Code    64  inv_mpu.o(i.mpu_get_gyro_fsr)
    mpu_get_gyro_sens                        0x08004615   Thumb Code    58  inv_mpu.o(i.mpu_get_gyro_sens)
    mpu_get_lpf                              0x08004665   Thumb Code    74  inv_mpu.o(i.mpu_get_lpf)
    mpu_get_sample_rate                      0x080046b5   Thumb Code    26  inv_mpu.o(i.mpu_get_sample_rate)
    mpu_init                                 0x080046d5   Thumb Code   416  inv_mpu.o(i.mpu_init)
    mpu_load_firmware                        0x080048c5   Thumb Code   180  inv_mpu.o(i.mpu_load_firmware)
    mpu_lp_accel_mode                        0x0800497d   Thumb Code   218  inv_mpu.o(i.mpu_lp_accel_mode)
    mpu_read_fifo_stream                     0x08004a5d   Thumb Code   186  inv_mpu.o(i.mpu_read_fifo_stream)
    mpu_read_mem                             0x08004b1d   Thumb Code   122  inv_mpu.o(i.mpu_read_mem)
    mpu_reset_fifo                           0x08004b9d   Thumb Code   450  inv_mpu.o(i.mpu_reset_fifo)
    mpu_run_self_test                        0x08004d65   Thumb Code   278  inv_mpu.o(i.mpu_run_self_test)
    mpu_set_accel_fsr                        0x08004e81   Thumb Code   126  inv_mpu.o(i.mpu_set_accel_fsr)
    mpu_set_bypass                           0x08004f05   Thumb Code   328  inv_mpu.o(i.mpu_set_bypass)
    mpu_set_dmp_state                        0x08005051   Thumb Code   138  inv_mpu.o(i.mpu_set_dmp_state)
    mpu_set_gyro_fsr                         0x080050e1   Thumb Code   132  inv_mpu.o(i.mpu_set_gyro_fsr)
    mpu_set_int_latched                      0x08005169   Thumb Code   102  inv_mpu.o(i.mpu_set_int_latched)
    mpu_set_lpf                              0x080051d5   Thumb Code   126  inv_mpu.o(i.mpu_set_lpf)
    mpu_set_sample_rate                      0x08005259   Thumb Code   152  inv_mpu.o(i.mpu_set_sample_rate)
    mpu_set_sensors                          0x080052f5   Thumb Code   202  inv_mpu.o(i.mpu_set_sensors)
    mpu_write_mem                            0x080053c5   Thumb Code   122  inv_mpu.o(i.mpu_write_mem)
    run_self_test                            0x08005445   Thumb Code   148  inv_mpu.o(i.run_self_test)
    sqrt                                     0x08005569   Thumb Code    76  sqrt.o(i.sqrt)
    uart_init                                0x080055b5   Thumb Code   152  usart.o(i.uart_init)
    _get_lc_numeric                          0x08005655   Thumb Code    44  lc_numeric_c.o(locale$$code)
    __aeabi_d2f                              0x08005681   Thumb Code     0  d2f.o(x$fpl$d2f)
    _d2f                                     0x08005681   Thumb Code    98  d2f.o(x$fpl$d2f)
    __aeabi_dadd                             0x080056e5   Thumb Code     0  daddsub_clz.o(x$fpl$dadd)
    _dadd                                    0x080056e5   Thumb Code   332  daddsub_clz.o(x$fpl$dadd)
    __fpl_dcheck_NaN1                        0x08005835   Thumb Code    10  dcheck1.o(x$fpl$dcheck1)
    __aeabi_ddiv                             0x08005845   Thumb Code     0  ddiv.o(x$fpl$ddiv)
    _ddiv                                    0x08005845   Thumb Code   552  ddiv.o(x$fpl$ddiv)
    __aeabi_dmul                             0x08005af5   Thumb Code     0  dmul.o(x$fpl$dmul)
    _dmul                                    0x08005af5   Thumb Code   332  dmul.o(x$fpl$dmul)
    __fpl_dnaninf                            0x08005c49   Thumb Code   156  dnaninf.o(x$fpl$dnaninf)
    __fpl_dretinf                            0x08005ce5   Thumb Code    12  dretinf.o(x$fpl$dretinf)
    __aeabi_drsub                            0x08005cf1   Thumb Code     0  daddsub_clz.o(x$fpl$drsb)
    _drsb                                    0x08005cf1   Thumb Code    22  daddsub_clz.o(x$fpl$drsb)
    _dsqrt                                   0x08005d09   Thumb Code   456  dsqrt_noumaal.o(x$fpl$dsqrt)
    __aeabi_dsub                             0x08005ed5   Thumb Code     0  daddsub_clz.o(x$fpl$dsub)
    _dsub                                    0x08005ed5   Thumb Code   464  daddsub_clz.o(x$fpl$dsub)
    __aeabi_f2d                              0x080060a9   Thumb Code     0  f2d.o(x$fpl$f2d)
    _f2d                                     0x080060a9   Thumb Code    86  f2d.o(x$fpl$f2d)
    __aeabi_fadd                             0x08006101   Thumb Code     0  faddsub_clz.o(x$fpl$fadd)
    _fadd                                    0x08006101   Thumb Code   196  faddsub_clz.o(x$fpl$fadd)
    __fpl_fcmp_Inf                           0x080061c5   Thumb Code    24  fcmpi.o(x$fpl$fcmpinf)
    __aeabi_fdiv                             0x080061dd   Thumb Code     0  fdiv.o(x$fpl$fdiv)
    _fdiv                                    0x080061dd   Thumb Code   384  fdiv.o(x$fpl$fdiv)
    __aeabi_cfcmpeq                          0x08006361   Thumb Code     0  feqf.o(x$fpl$feqf)
    _fcmpeq                                  0x08006361   Thumb Code   104  feqf.o(x$fpl$feqf)
    __aeabi_f2iz                             0x080063c9   Thumb Code     0  ffix.o(x$fpl$ffix)
    _ffix                                    0x080063c9   Thumb Code    54  ffix.o(x$fpl$ffix)
    __aeabi_f2uiz                            0x08006401   Thumb Code     0  ffixu.o(x$fpl$ffixu)
    _ffixu                                   0x08006401   Thumb Code    62  ffixu.o(x$fpl$ffixu)
    __aeabi_i2f                              0x08006441   Thumb Code     0  fflt_clz.o(x$fpl$fflt)
    _fflt                                    0x08006441   Thumb Code    48  fflt_clz.o(x$fpl$fflt)
    __aeabi_ui2f                             0x08006471   Thumb Code     0  fflt_clz.o(x$fpl$ffltu)
    _ffltu                                   0x08006471   Thumb Code    38  fflt_clz.o(x$fpl$ffltu)
    __aeabi_cfcmple                          0x08006499   Thumb Code     0  fleqf.o(x$fpl$fleqf)
    _fcmple                                  0x08006499   Thumb Code   104  fleqf.o(x$fpl$fleqf)
    __fpl_fcmple_InfNaN                      0x080064eb   Thumb Code     0  fleqf.o(x$fpl$fleqf)
    __aeabi_fmul                             0x08006501   Thumb Code     0  fmul.o(x$fpl$fmul)
    _fmul                                    0x08006501   Thumb Code   258  fmul.o(x$fpl$fmul)
    __fpl_fnaninf                            0x08006603   Thumb Code   140  fnaninf.o(x$fpl$fnaninf)
    __fpl_fretinf                            0x0800668f   Thumb Code    10  fretinf.o(x$fpl$fretinf)
    __aeabi_cfrcmple                         0x08006699   Thumb Code     0  frleqf.o(x$fpl$frleqf)
    _frcmple                                 0x08006699   Thumb Code    98  frleqf.o(x$fpl$frleqf)
    __aeabi_fsub                             0x080066fd   Thumb Code     0  faddsub_clz.o(x$fpl$fsub)
    _fsub                                    0x080066fd   Thumb Code   234  faddsub_clz.o(x$fpl$fsub)
    _printf_fp_dec                           0x080067e7   Thumb Code     4  printf1.o(x$fpl$printf1)
    __fpl_return_NaN                         0x080067eb   Thumb Code   100  retnan.o(x$fpl$retnan)
    __ARM_scalbn                             0x0800684f   Thumb Code    92  scalbn.o(x$fpl$scalbn)
    __fpl_cmpreturn                          0x080068ab   Thumb Code    48  trapv.o(x$fpl$trapveneer)
    __I$use$fp                               0x080068da   Number         0  usenofp.o(x$fpl$usenofp)
    reg                                      0x080068dc   Data          27  inv_mpu.o(.constdata)
    hw                                       0x080068f8   Data          12  inv_mpu.o(.constdata)
    test                                     0x08006904   Data          40  inv_mpu.o(.constdata)
    oled_asc2_1206                           0x08007522   Data        1140  oled.o(.constdata)
    oled_asc2_1608                           0x08007996   Data        1520  oled.o(.constdata)
    __mathlib_zero                           0x08008080   Data           8  qnan.o(.constdata)
    Region$$Table$$Base                      0x0800816c   Number         0  anon$$obj.o(Region$$Table)
    Region$$Table$$Limit                     0x0800818c   Number         0  anon$$obj.o(Region$$Table)
    SystemCoreClock                          0x20000000   Data           4  system_stm32f10x.o(.data)
    AHBPrescTable                            0x20000004   Data          16  system_stm32f10x.o(.data)
    __stdout                                 0x20000050   Data           4  usart.o(.data)
    USART_RX_STA                             0x20000054   Data           2  usart.o(.data)
    OLED_GRAM                                0x2000007c   Data        1024  oled.o(.bss)
    USART_RX_BUF                             0x2000047c   Data         200  usart.o(.bss)
    __libspace_start                         0x20000544   Data          96  libspace.o(.bss)
    __temporary_stack_top$libspace           0x200005a4   Data           0  libspace.o(.bss)



==============================================================================

Memory Map of the image

  Image Entry point : 0x08000131

  Load Region LR_IROM1 (Base: 0x08000000, Size: 0x00008214, Max: 0x00010000, ABSOLUTE)

    Execution Region ER_IROM1 (Base: 0x08000000, Size: 0x000081a8, Max: 0x00010000, ABSOLUTE)

    Base Addr    Size         Type   Attr      Idx    E Section Name        Object

    0x08000000   0x00000130   Data   RO         1228    RESET               startup_stm32f10x_hd.o
    0x08000130   0x00000008   Code   RO         2648  * !!!main             c_w.l(__main.o)
    0x08000138   0x00000034   Code   RO         3017    !!!scatter          c_w.l(__scatter.o)
    0x0800016c   0x0000001a   Code   RO         3019    !!handler_copy      c_w.l(__scatter_copy.o)
    0x08000186   0x00000002   PAD
    0x08000188   0x0000001c   Code   RO         3021    !!handler_zi        c_w.l(__scatter_zi.o)
    0x080001a4   0x00000000   Code   RO         2639    .ARM.Collect$$_printf_percent$$00000000  c_w.l(_printf_percent.o)
    0x080001a4   0x00000006   Code   RO         2638    .ARM.Collect$$_printf_percent$$00000003  c_w.l(_printf_f.o)
    0x080001aa   0x00000006   Code   RO         2637    .ARM.Collect$$_printf_percent$$00000009  c_w.l(_printf_d.o)
    0x080001b0   0x00000004   Code   RO         2741    .ARM.Collect$$_printf_percent$$00000017  c_w.l(_printf_percent_end.o)
    0x080001b4   0x00000002   Code   RO         2885    .ARM.Collect$$libinit$$00000000  c_w.l(libinit.o)
    0x080001b6   0x00000000   Code   RO         2887    .ARM.Collect$$libinit$$00000002  c_w.l(libinit2.o)
    0x080001b6   0x00000000   Code   RO         2889    .ARM.Collect$$libinit$$00000004  c_w.l(libinit2.o)
    0x080001b6   0x00000000   Code   RO         2892    .ARM.Collect$$libinit$$0000000A  c_w.l(libinit2.o)
    0x080001b6   0x00000000   Code   RO         2894    .ARM.Collect$$libinit$$0000000C  c_w.l(libinit2.o)
    0x080001b6   0x00000000   Code   RO         2896    .ARM.Collect$$libinit$$0000000E  c_w.l(libinit2.o)
    0x080001b6   0x00000006   Code   RO         2897    .ARM.Collect$$libinit$$0000000F  c_w.l(libinit2.o)
    0x080001bc   0x00000000   Code   RO         2899    .ARM.Collect$$libinit$$00000011  c_w.l(libinit2.o)
    0x080001bc   0x00000000   Code   RO         2901    .ARM.Collect$$libinit$$00000013  c_w.l(libinit2.o)
    0x080001bc   0x00000000   Code   RO         2903    .ARM.Collect$$libinit$$00000015  c_w.l(libinit2.o)
    0x080001bc   0x0000000a   Code   RO         2904    .ARM.Collect$$libinit$$00000016  c_w.l(libinit2.o)
    0x080001c6   0x00000000   Code   RO         2905    .ARM.Collect$$libinit$$00000017  c_w.l(libinit2.o)
    0x080001c6   0x00000000   Code   RO         2907    .ARM.Collect$$libinit$$00000019  c_w.l(libinit2.o)
    0x080001c6   0x00000000   Code   RO         2909    .ARM.Collect$$libinit$$0000001B  c_w.l(libinit2.o)
    0x080001c6   0x00000000   Code   RO         2911    .ARM.Collect$$libinit$$0000001D  c_w.l(libinit2.o)
    0x080001c6   0x00000000   Code   RO         2913    .ARM.Collect$$libinit$$0000001F  c_w.l(libinit2.o)
    0x080001c6   0x00000000   Code   RO         2915    .ARM.Collect$$libinit$$00000021  c_w.l(libinit2.o)
    0x080001c6   0x00000000   Code   RO         2917    .ARM.Collect$$libinit$$00000023  c_w.l(libinit2.o)
    0x080001c6   0x00000000   Code   RO         2919    .ARM.Collect$$libinit$$00000025  c_w.l(libinit2.o)
    0x080001c6   0x00000000   Code   RO         2923    .ARM.Collect$$libinit$$0000002C  c_w.l(libinit2.o)
    0x080001c6   0x00000000   Code   RO         2925    .ARM.Collect$$libinit$$0000002E  c_w.l(libinit2.o)
    0x080001c6   0x00000000   Code   RO         2927    .ARM.Collect$$libinit$$00000030  c_w.l(libinit2.o)
    0x080001c6   0x00000000   Code   RO         2929    .ARM.Collect$$libinit$$00000032  c_w.l(libinit2.o)
    0x080001c6   0x00000002   Code   RO         2930    .ARM.Collect$$libinit$$00000033  c_w.l(libinit2.o)
    0x080001c8   0x00000002   Code   RO         2978    .ARM.Collect$$libshutdown$$00000000  c_w.l(libshutdown.o)
    0x080001ca   0x00000000   Code   RO         2988    .ARM.Collect$$libshutdown$$00000003  c_w.l(libshutdown2.o)
    0x080001ca   0x00000000   Code   RO         2991    .ARM.Collect$$libshutdown$$00000006  c_w.l(libshutdown2.o)
    0x080001ca   0x00000000   Code   RO         2994    .ARM.Collect$$libshutdown$$00000009  c_w.l(libshutdown2.o)
    0x080001ca   0x00000000   Code   RO         2996    .ARM.Collect$$libshutdown$$0000000B  c_w.l(libshutdown2.o)
    0x080001ca   0x00000000   Code   RO         2999    .ARM.Collect$$libshutdown$$0000000E  c_w.l(libshutdown2.o)
    0x080001ca   0x00000002   Code   RO         3000    .ARM.Collect$$libshutdown$$0000000F  c_w.l(libshutdown2.o)
    0x080001cc   0x00000000   Code   RO         2726    .ARM.Collect$$rtentry$$00000000  c_w.l(__rtentry.o)
    0x080001cc   0x00000000   Code   RO         2795    .ARM.Collect$$rtentry$$00000002  c_w.l(__rtentry2.o)
    0x080001cc   0x00000006   Code   RO         2807    .ARM.Collect$$rtentry$$00000004  c_w.l(__rtentry4.o)
    0x080001d2   0x00000000   Code   RO         2797    .ARM.Collect$$rtentry$$00000009  c_w.l(__rtentry2.o)
    0x080001d2   0x00000004   Code   RO         2798    .ARM.Collect$$rtentry$$0000000A  c_w.l(__rtentry2.o)
    0x080001d6   0x00000000   Code   RO         2800    .ARM.Collect$$rtentry$$0000000C  c_w.l(__rtentry2.o)
    0x080001d6   0x00000008   Code   RO         2801    .ARM.Collect$$rtentry$$0000000D  c_w.l(__rtentry2.o)
    0x080001de   0x00000002   Code   RO         2935    .ARM.Collect$$rtexit$$00000000  c_w.l(rtexit.o)
    0x080001e0   0x00000000   Code   RO         2948    .ARM.Collect$$rtexit$$00000002  c_w.l(rtexit2.o)
    0x080001e0   0x00000004   Code   RO         2949    .ARM.Collect$$rtexit$$00000003  c_w.l(rtexit2.o)
    0x080001e4   0x00000006   Code   RO         2950    .ARM.Collect$$rtexit$$00000004  c_w.l(rtexit2.o)
    0x080001ea   0x00000002   PAD
    0x080001ec   0x00000040   Code   RO         1229    .text               startup_stm32f10x_hd.o
    0x0800022c   0x00000002   Code   RO         2577    .text               c_w.l(use_no_semi_2.o)
    0x0800022e   0x00000048   Code   RO         2579    .text               c_w.l(llsdiv.o)
    0x08000276   0x00000002   PAD
    0x08000278   0x00000018   Code   RO         2585    .text               c_w.l(noretval__2printf.o)
    0x08000290   0x00000028   Code   RO         2587    .text               c_w.l(noretval__2sprintf.o)
    0x080002b8   0x00000078   Code   RO         2593    .text               c_w.l(_printf_dec.o)
    0x08000330   0x00000138   Code   RO         2628    .text               c_w.l(__printf_flags_wp.o)
    0x08000468   0x00000058   Code   RO         2640    .text               c_w.l(memcmp.o)
    0x080004c0   0x00000010   Code   RO         2642    .text               c_w.l(aeabi_memset.o)
    0x080004d0   0x0000004e   Code   RO         2644    .text               c_w.l(rt_memclr_w.o)
    0x0800051e   0x00000006   Code   RO         2646    .text               c_w.l(heapauxi.o)
    0x08000524   0x00000002   Code   RO         2724    .text               c_w.l(use_no_semi.o)
    0x08000526   0x000000ee   Code   RO         2727    .text               c_w.l(lludivv7m.o)
    0x08000614   0x00000016   Code   RO         2729    .text               c_w.l(_rserrno.o)
    0x0800062a   0x000000b2   Code   RO         2731    .text               c_w.l(_printf_intcommon.o)
    0x080006dc   0x0000041a   Code   RO         2733    .text               c_w.l(_printf_fp_dec.o)
    0x08000af6   0x00000002   PAD
    0x08000af8   0x00000030   Code   RO         2735    .text               c_w.l(_printf_char_common.o)
    0x08000b28   0x0000000a   Code   RO         2737    .text               c_w.l(_sputc.o)
    0x08000b32   0x00000002   PAD
    0x08000b34   0x00000024   Code   RO         2739    .text               c_w.l(_printf_char_file.o)
    0x08000b58   0x00000044   Code   RO         2742    .text               c_w.l(rt_memclr.o)
    0x08000b9c   0x00000008   Code   RO         2816    .text               c_w.l(rt_locale_intlibspace.o)
    0x08000ba4   0x00000008   Code   RO         2821    .text               c_w.l(rt_errno_addr_intlibspace.o)
    0x08000bac   0x0000008a   Code   RO         2823    .text               c_w.l(lludiv10.o)
    0x08000c36   0x00000002   PAD
    0x08000c38   0x00000080   Code   RO         2825    .text               c_w.l(_printf_fp_infnan.o)
    0x08000cb8   0x000000dc   Code   RO         2829    .text               c_w.l(bigflt0.o)
    0x08000d94   0x00000008   Code   RO         2854    .text               c_w.l(ferror.o)
    0x08000d9c   0x00000008   Code   RO         2869    .text               c_w.l(libspace.o)
    0x08000da4   0x0000004a   Code   RO         2872    .text               c_w.l(sys_stackheap_outer.o)
    0x08000dee   0x0000000c   Code   RO         2876    .text               c_w.l(exit.o)
    0x08000dfa   0x00000002   PAD
    0x08000dfc   0x00000080   Code   RO         2878    .text               c_w.l(strcmpv7m.o)
    0x08000e7c   0x0000003e   Code   RO         2832    CL$$btod_d2e        c_w.l(btod.o)
    0x08000eba   0x00000046   Code   RO         2834    CL$$btod_d2e_denorm_low  c_w.l(btod.o)
    0x08000f00   0x00000060   Code   RO         2833    CL$$btod_d2e_norm_op1  c_w.l(btod.o)
    0x08000f60   0x00000338   Code   RO         2842    CL$$btod_div_common  c_w.l(btod.o)
    0x08001298   0x000000c6   Code   RO         2839    CL$$btod_e2e        c_w.l(btod.o)
    0x0800135e   0x00000028   Code   RO         2836    CL$$btod_ediv       c_w.l(btod.o)
    0x08001386   0x00000028   Code   RO         2835    CL$$btod_emul       c_w.l(btod.o)
    0x080013ae   0x00000244   Code   RO         2841    CL$$btod_mult_common  c_w.l(btod.o)
    0x080015f2   0x00000004   Code   RO          136    i.BusFault_Handler  stm32f10x_it.o
    0x080015f6   0x00000002   Code   RO          137    i.DebugMon_Handler  stm32f10x_it.o
    0x080015f8   0x00000116   Code   RO         1395    i.GPIO_Init         stm32f10x_gpio.o
    0x0800170e   0x00000002   PAD
    0x08001710   0x00000090   Code   RO         1397    i.GPIO_PinRemapConfig  stm32f10x_gpio.o
    0x080017a0   0x00000004   Code   RO         1403    i.GPIO_SetBits      stm32f10x_gpio.o
    0x080017a4   0x00000004   Code   RO          138    i.HardFault_Handler  stm32f10x_it.o
    0x080017a8   0x0000004c   Code   RO          281    i.MPU_IIC_Ack       mpuiic.o
    0x080017f4   0x0000000a   Code   RO          282    i.MPU_IIC_Delay     mpuiic.o
    0x080017fe   0x00000002   PAD
    0x08001800   0x00000034   Code   RO          283    i.MPU_IIC_Init      mpuiic.o
    0x08001834   0x0000004c   Code   RO          284    i.MPU_IIC_NAck      mpuiic.o
    0x08001880   0x0000006c   Code   RO          285    i.MPU_IIC_Read_Byte  mpuiic.o
    0x080018ec   0x0000005c   Code   RO          286    i.MPU_IIC_Send_Byte  mpuiic.o
    0x08001948   0x00000048   Code   RO          287    i.MPU_IIC_Start     mpuiic.o
    0x08001990   0x00000048   Code   RO          288    i.MPU_IIC_Stop      mpuiic.o
    0x080019d8   0x00000064   Code   RO          289    i.MPU_IIC_Wait_Ack  mpuiic.o
    0x08001a3c   0x00000084   Code   RO          344    i.MPU_Init          mpu6050.o
    0x08001ac0   0x0000003a   Code   RO          345    i.MPU_Read_Byte     mpu6050.o
    0x08001afa   0x00000074   Code   RO          346    i.MPU_Read_Len      mpu6050.o
    0x08001b6e   0x00000010   Code   RO          347    i.MPU_Set_Accel_Fsr  mpu6050.o
    0x08001b7e   0x00000010   Code   RO          348    i.MPU_Set_Gyro_Fsr  mpu6050.o
    0x08001b8e   0x0000003a   Code   RO          349    i.MPU_Set_LPF       mpu6050.o
    0x08001bc8   0x0000003a   Code   RO          350    i.MPU_Set_Rate      mpu6050.o
    0x08001c02   0x00000044   Code   RO          351    i.MPU_Write_Byte    mpu6050.o
    0x08001c46   0x00000060   Code   RO          352    i.MPU_Write_Len     mpu6050.o
    0x08001ca6   0x00000004   Code   RO          139    i.MemManage_Handler  stm32f10x_it.o
    0x08001caa   0x00000002   Code   RO          140    i.NMI_Handler       stm32f10x_it.o
    0x08001cac   0x00000070   Code   RO         1233    i.NVIC_Init         misc.o
    0x08001d1c   0x00000014   Code   RO         1234    i.NVIC_PriorityGroupConfig  misc.o
    0x08001d30   0x00000030   Code   RO          936    i.OLED_Clear        oled.o
    0x08001d60   0x00000068   Code   RO          939    i.OLED_DrawPoint    oled.o
    0x08001dc8   0x00000128   Code   RO          940    i.OLED_Init         oled.o
    0x08001ef0   0x0000004c   Code   RO          941    i.OLED_Refresh_Gram  oled.o
    0x08001f3c   0x000000a8   Code   RO          942    i.OLED_ShowChar     oled.o
    0x08001fe4   0x00000044   Code   RO          945    i.OLED_ShowString   oled.o
    0x08002028   0x0000006c   Code   RO          946    i.OLED_WR_Byte      oled.o
    0x08002094   0x00000002   Code   RO          141    i.PendSV_Handler    stm32f10x_it.o
    0x08002096   0x00000002   PAD
    0x08002098   0x00000020   Code   RO         1507    i.RCC_APB2PeriphClockCmd  stm32f10x_rcc.o
    0x080020b8   0x000000d4   Code   RO         1515    i.RCC_GetClocksFreq  stm32f10x_rcc.o
    0x0800218c   0x00000002   Code   RO          142    i.SVC_Handler       stm32f10x_it.o
    0x0800218e   0x00000008   Code   RO          225    i.SetSysClock       system_stm32f10x.o
    0x08002196   0x00000002   PAD
    0x08002198   0x000000e0   Code   RO          226    i.SetSysClockTo72   system_stm32f10x.o
    0x08002278   0x00000028   Code   RO         1237    i.SysTick_CLKSourceConfig  misc.o
    0x080022a0   0x00000002   Code   RO          143    i.SysTick_Handler   stm32f10x_it.o
    0x080022a2   0x00000002   PAD
    0x080022a4   0x00000060   Code   RO          228    i.SystemInit        system_stm32f10x.o
    0x08002304   0x00000088   Code   RO         1175    i.USART1_IRQHandler  usart.o
    0x0800238c   0x00000018   Code   RO         1707    i.USART_Cmd         stm32f10x_usart.o
    0x080023a4   0x00000054   Code   RO         1711    i.USART_GetITStatus  stm32f10x_usart.o
    0x080023f8   0x0000004a   Code   RO         1713    i.USART_ITConfig    stm32f10x_usart.o
    0x08002442   0x00000002   PAD
    0x08002444   0x000000d8   Code   RO         1714    i.USART_Init        stm32f10x_usart.o
    0x0800251c   0x0000000a   Code   RO         1721    i.USART_ReceiveData  stm32f10x_usart.o
    0x08002526   0x00000004   Code   RO          144    i.UsageFault_Handler  stm32f10x_it.o
    0x0800252a   0x00000028   Code   RO         2781    i.__ARM_fpclassify  m_ws.l(fpclassify.o)
    0x08002552   0x000000aa   Code   RO         2783    i.__kernel_poly     m_ws.l(poly.o)
    0x080025fc   0x00000006   Code   RO         2768    i.__mathlib_dbl_infnan  m_ws.l(dunder.o)
    0x08002602   0x00000004   Code   RO         2769    i.__mathlib_dbl_infnan2  m_ws.l(dunder.o)
    0x08002606   0x0000000c   Code   RO         2770    i.__mathlib_dbl_invalid  m_ws.l(dunder.o)
    0x08002612   0x00000002   PAD
    0x08002614   0x00000010   Code   RO         2773    i.__mathlib_dbl_underflow  m_ws.l(dunder.o)
    0x08002624   0x0000000e   Code   RO         2626    i._is_digit         c_w.l(__printf_wp.o)
    0x08002632   0x00000006   Code   RO         1176    i._sys_exit         usart.o
    0x08002638   0x000000a8   Code   RO          419    i.accel_self_test   inv_mpu.o
    0x080026e0   0x00000270   Code   RO         2707    i.asin              m_ws.l(asin.o)
    0x08002950   0x00000220   Code   RO         2758    i.atan              m_ws.l(atan.o)
    0x08002b70   0x00000180   Code   RO         2717    i.atan2             m_ws.l(atan2.o)
    0x08002cf0   0x00000064   Code   RO          750    i.decode_gesture    inv_mpu_dmp_motion_driver.o
    0x08002d54   0x00000044   Code   RO         1120    i.delay_init        delay.o
    0x08002d98   0x0000004c   Code   RO         1121    i.delay_ms          delay.o
    0x08002de4   0x0000004c   Code   RO         1122    i.delay_us          delay.o
    0x08002e30   0x0000003c   Code   RO          751    i.dmp_enable_6x_lp_quat  inv_mpu_dmp_motion_driver.o
    0x08002e6c   0x0000021c   Code   RO          752    i.dmp_enable_feature  inv_mpu_dmp_motion_driver.o
    0x08003088   0x00000058   Code   RO          753    i.dmp_enable_gyro_cal  inv_mpu_dmp_motion_driver.o
    0x080030e0   0x0000003c   Code   RO          754    i.dmp_enable_lp_quat  inv_mpu_dmp_motion_driver.o
    0x0800311c   0x00000018   Code   RO          759    i.dmp_load_motion_driver_firmware  inv_mpu_dmp_motion_driver.o
    0x08003134   0x000001cc   Code   RO          760    i.dmp_read_fifo     inv_mpu_dmp_motion_driver.o
    0x08003300   0x00000130   Code   RO          763    i.dmp_set_accel_bias  inv_mpu_dmp_motion_driver.o
    0x08003430   0x00000070   Code   RO          764    i.dmp_set_fifo_rate  inv_mpu_dmp_motion_driver.o
    0x080034a0   0x00000130   Code   RO          765    i.dmp_set_gyro_bias  inv_mpu_dmp_motion_driver.o
    0x080035d0   0x00000138   Code   RO          767    i.dmp_set_orientation  inv_mpu_dmp_motion_driver.o
    0x08003708   0x00000038   Code   RO          770    i.dmp_set_shake_reject_thresh  inv_mpu_dmp_motion_driver.o
    0x08003740   0x00000026   Code   RO          771    i.dmp_set_shake_reject_time  inv_mpu_dmp_motion_driver.o
    0x08003766   0x00000026   Code   RO          772    i.dmp_set_shake_reject_timeout  inv_mpu_dmp_motion_driver.o
    0x0800378c   0x00000046   Code   RO          773    i.dmp_set_tap_axes  inv_mpu_dmp_motion_driver.o
    0x080037d2   0x00000026   Code   RO          774    i.dmp_set_tap_count  inv_mpu_dmp_motion_driver.o
    0x080037f8   0x000001a0   Code   RO          775    i.dmp_set_tap_thresh  inv_mpu_dmp_motion_driver.o
    0x08003998   0x00000026   Code   RO          776    i.dmp_set_tap_time  inv_mpu_dmp_motion_driver.o
    0x080039be   0x00000026   Code   RO          777    i.dmp_set_tap_time_multi  inv_mpu_dmp_motion_driver.o
    0x080039e4   0x0000001c   Code   RO         1177    i.fputc             usart.o
    0x08003a00   0x000000b4   Code   RO          420    i.get_accel_prod_shift  inv_mpu.o
    0x08003ab4   0x00000470   Code   RO          421    i.get_st_biases     inv_mpu.o
    0x08003f24   0x00000110   Code   RO          422    i.gyro_self_test    inv_mpu.o
    0x08004034   0x00000028   Code   RO          423    i.inv_orientation_matrix_to_scalar  inv_mpu.o
    0x0800405c   0x0000004e   Code   RO          424    i.inv_row_2_scale   inv_mpu.o
    0x080040aa   0x00000002   PAD
    0x080040ac   0x0000013c   Code   RO            1    i.main              main.o
    0x080041e8   0x00000002   Code   RO          425    i.mget_ms           inv_mpu.o
    0x080041ea   0x00000002   PAD
    0x080041ec   0x00000070   Code   RO          426    i.mpu_configure_fifo  inv_mpu.o
    0x0800425c   0x00000224   Code   RO          427    i.mpu_dmp_get_data  inv_mpu.o
    0x08004480   0x000000a0   Code   RO          428    i.mpu_dmp_init      inv_mpu.o
    0x08004520   0x0000004c   Code   RO          429    i.mpu_get_accel_fsr  inv_mpu.o
    0x0800456c   0x00000054   Code   RO          431    i.mpu_get_accel_sens  inv_mpu.o
    0x080045c0   0x00000010   Code   RO          436    i.mpu_get_fifo_config  inv_mpu.o
    0x080045d0   0x00000044   Code   RO          437    i.mpu_get_gyro_fsr  inv_mpu.o
    0x08004614   0x00000050   Code   RO          439    i.mpu_get_gyro_sens  inv_mpu.o
    0x08004664   0x00000050   Code   RO          441    i.mpu_get_lpf       inv_mpu.o
    0x080046b4   0x00000020   Code   RO          443    i.mpu_get_sample_rate  inv_mpu.o
    0x080046d4   0x000001f0   Code   RO          445    i.mpu_init          inv_mpu.o
    0x080048c4   0x000000b8   Code   RO          446    i.mpu_load_firmware  inv_mpu.o
    0x0800497c   0x000000e0   Code   RO          447    i.mpu_lp_accel_mode  inv_mpu.o
    0x08004a5c   0x000000c0   Code   RO          450    i.mpu_read_fifo_stream  inv_mpu.o
    0x08004b1c   0x00000080   Code   RO          451    i.mpu_read_mem      inv_mpu.o
    0x08004b9c   0x000001c8   Code   RO          454    i.mpu_reset_fifo    inv_mpu.o
    0x08004d64   0x0000011c   Code   RO          455    i.mpu_run_self_test  inv_mpu.o
    0x08004e80   0x00000084   Code   RO          457    i.mpu_set_accel_fsr  inv_mpu.o
    0x08004f04   0x0000014c   Code   RO          458    i.mpu_set_bypass    inv_mpu.o
    0x08005050   0x00000090   Code   RO          460    i.mpu_set_dmp_state  inv_mpu.o
    0x080050e0   0x00000088   Code   RO          461    i.mpu_set_gyro_fsr  inv_mpu.o
    0x08005168   0x0000006c   Code   RO          462    i.mpu_set_int_latched  inv_mpu.o
    0x080051d4   0x00000084   Code   RO          464    i.mpu_set_lpf       inv_mpu.o
    0x08005258   0x0000009c   Code   RO          465    i.mpu_set_sample_rate  inv_mpu.o
    0x080052f4   0x000000d0   Code   RO          466    i.mpu_set_sensors   inv_mpu.o
    0x080053c4   0x00000080   Code   RO          467    i.mpu_write_mem     inv_mpu.o
    0x08005444   0x00000094   Code   RO          468    i.run_self_test     inv_mpu.o
    0x080054d8   0x00000090   Code   RO          469    i.set_int_enable    inv_mpu.o
    0x08005568   0x0000004c   Code   RO         2787    i.sqrt              m_ws.l(sqrt.o)
    0x080055b4   0x000000a0   Code   RO         1178    i.uart_init         usart.o
    0x08005654   0x0000002c   Code   RO         2859    locale$$code        c_w.l(lc_numeric_c.o)
    0x08005680   0x00000062   Code   RO         2650    x$fpl$d2f           fz_ws.l(d2f.o)
    0x080056e2   0x00000002   PAD
    0x080056e4   0x00000150   Code   RO         2652    x$fpl$dadd          fz_ws.l(daddsub_clz.o)
    0x08005834   0x00000010   Code   RO         2861    x$fpl$dcheck1       fz_ws.l(dcheck1.o)
    0x08005844   0x000002b0   Code   RO         2659    x$fpl$ddiv          fz_ws.l(ddiv.o)
    0x08005af4   0x00000154   Code   RO         2668    x$fpl$dmul          fz_ws.l(dmul.o)
    0x08005c48   0x0000009c   Code   RO         2744    x$fpl$dnaninf       fz_ws.l(dnaninf.o)
    0x08005ce4   0x0000000c   Code   RO         2746    x$fpl$dretinf       fz_ws.l(dretinf.o)
    0x08005cf0   0x00000016   Code   RO         2653    x$fpl$drsb          fz_ws.l(daddsub_clz.o)
    0x08005d06   0x00000002   PAD
    0x08005d08   0x000001cc   Code   RO         2865    x$fpl$dsqrt         fz_ws.l(dsqrt_noumaal.o)
    0x08005ed4   0x000001d4   Code   RO         2654    x$fpl$dsub          fz_ws.l(daddsub_clz.o)
    0x080060a8   0x00000056   Code   RO         2670    x$fpl$f2d           fz_ws.l(f2d.o)
    0x080060fe   0x00000002   PAD
    0x08006100   0x000000c4   Code   RO         2672    x$fpl$fadd          fz_ws.l(faddsub_clz.o)
    0x080061c4   0x00000018   Code   RO         2748    x$fpl$fcmpinf       fz_ws.l(fcmpi.o)
    0x080061dc   0x00000184   Code   RO         2679    x$fpl$fdiv          fz_ws.l(fdiv.o)
    0x08006360   0x00000068   Code   RO         2682    x$fpl$feqf          fz_ws.l(feqf.o)
    0x080063c8   0x00000036   Code   RO         2684    x$fpl$ffix          fz_ws.l(ffix.o)
    0x080063fe   0x00000002   PAD
    0x08006400   0x0000003e   Code   RO         2688    x$fpl$ffixu         fz_ws.l(ffixu.o)
    0x0800643e   0x00000002   PAD
    0x08006440   0x00000030   Code   RO         2693    x$fpl$fflt          fz_ws.l(fflt_clz.o)
    0x08006470   0x00000026   Code   RO         2692    x$fpl$ffltu         fz_ws.l(fflt_clz.o)
    0x08006496   0x00000002   PAD
    0x08006498   0x00000068   Code   RO         2698    x$fpl$fleqf         fz_ws.l(fleqf.o)
    0x08006500   0x00000102   Code   RO         2700    x$fpl$fmul          fz_ws.l(fmul.o)
    0x08006602   0x0000008c   Code   RO         2750    x$fpl$fnaninf       fz_ws.l(fnaninf.o)
    0x0800668e   0x0000000a   Code   RO         2752    x$fpl$fretinf       fz_ws.l(fretinf.o)
    0x08006698   0x00000062   Code   RO         2702    x$fpl$frleqf        fz_ws.l(frleqf.o)
    0x080066fa   0x00000002   PAD
    0x080066fc   0x000000ea   Code   RO         2674    x$fpl$fsub          fz_ws.l(faddsub_clz.o)
    0x080067e6   0x00000004   Code   RO         2704    x$fpl$printf1       fz_ws.l(printf1.o)
    0x080067ea   0x00000064   Code   RO         2933    x$fpl$retnan        fz_ws.l(retnan.o)
    0x0800684e   0x0000005c   Code   RO         2754    x$fpl$scalbn        fz_ws.l(scalbn.o)
    0x080068aa   0x00000030   Code   RO         2945    x$fpl$trapveneer    fz_ws.l(trapv.o)
    0x080068da   0x00000000   Code   RO         2756    x$fpl$usenofp       fz_ws.l(usenofp.o)
    0x080068da   0x00000002   PAD
    0x080068dc   0x00000050   Data   RO          471    .constdata          inv_mpu.o
    0x0800692c   0x00000bf6   Data   RO          779    .constdata          inv_mpu_dmp_motion_driver.o
    0x08007522   0x00000a64   Data   RO          949    .constdata          oled.o
    0x08007f86   0x00000011   Data   RO         2629    .constdata          c_w.l(__printf_flags_wp.o)
    0x08007f97   0x00000001   PAD
    0x08007f98   0x00000050   Data   RO         2708    .constdata          m_ws.l(asin.o)
    0x08007fe8   0x00000098   Data   RO         2759    .constdata          m_ws.l(atan.o)
    0x08008080   0x00000008   Data   RO         2785    .constdata          m_ws.l(qnan.o)
    0x08008088   0x00000094   Data   RO         2830    .constdata          c_w.l(bigflt0.o)
    0x0800811c   0x0000004d   Data   RO          472    .conststring        inv_mpu.o
    0x08008169   0x00000003   PAD
    0x0800816c   0x00000020   Data   RO         3015    Region$$Table       anon$$obj.o
    0x0800818c   0x0000001c   Data   RO         2858    locale$$data        c_w.l(lc_numeric_c.o)


    Execution Region RW_IRAM1 (Base: 0x20000000, Size: 0x00000ba8, Max: 0x00005000, ABSOLUTE)

    Base Addr    Size         Type   Attr      Idx    E Section Name        Object

    0x20000000   0x00000014   Data   RW          229    .data               system_stm32f10x.o
    0x20000014   0x00000035   Data   RW          473    .data               inv_mpu.o
    0x20000049   0x00000001   PAD
    0x2000004a   0x00000004   Data   RW         1123    .data               delay.o
    0x2000004e   0x00000002   PAD
    0x20000050   0x00000006   Data   RW         1180    .data               usart.o
    0x20000056   0x00000014   Data   RW         1535    .data               stm32f10x_rcc.o
    0x2000006a   0x00000002   PAD
    0x2000006c   0x00000010   Zero   RW          778    .bss                inv_mpu_dmp_motion_driver.o
    0x2000007c   0x00000400   Zero   RW          948    .bss                oled.o
    0x2000047c   0x000000c8   Zero   RW         1179    .bss                usart.o
    0x20000544   0x00000060   Zero   RW         2870    .bss                c_w.l(libspace.o)
    0x200005a4   0x00000004   PAD
    0x200005a8   0x00000200   Zero   RW         1227    HEAP                startup_stm32f10x_hd.o
    0x200007a8   0x00000400   Zero   RW         1226    STACK               startup_stm32f10x_hd.o


==============================================================================

Image component sizes


      Code (inc. data)   RO Data    RW Data    ZI Data      Debug   Object Name

       220         26          0          4          0       1599   delay.o
      6864        290        157         53          0      29760   inv_mpu.o
      3096        122       3062          0         16      19994   inv_mpu_dmp_motion_driver.o
       316         86          0          0          0     231527   main.o
       172         22          0          0          0       1953   misc.o
       618          4          0          0          0       5815   mpu6050.o
       658        100          0          0          0       4590   mpuiic.o
       868         56       2660          0       1024       5281   oled.o
        64         26        304          0       1536        772   startup_stm32f10x_hd.o
       426          6          0          0          0       3205   stm32f10x_gpio.o
        26          0          0          0          0       3470   stm32f10x_it.o
       244         26          0         20          0       3765   stm32f10x_rcc.o
       408          6          0          0          0       4786   stm32f10x_usart.o
         0          0          0          0          0         32   sys.o
       328         28          0         20          0       1957   system_stm32f10x.o
       330         26          0          6        200       3968   usart.o

    ----------------------------------------------------------------------
     14654        824       6218        108       2776     322474   Object Totals
         0          0         32          0          0          0   (incl. Generated)
        16          0          3          5          0          0   (incl. Padding)

    ----------------------------------------------------------------------

      Code (inc. data)   RO Data    RW Data    ZI Data      Debug   Library Member Name

         8          0          0          0          0         68   __main.o
       312          4         17          0          0         92   __printf_flags_wp.o
        14          0          0          0          0         68   __printf_wp.o
         0          0          0          0          0          0   __rtentry.o
        12          0          0          0          0          0   __rtentry2.o
         6          0          0          0          0          0   __rtentry4.o
        52          8          0          0          0          0   __scatter.o
        26          0          0          0          0          0   __scatter_copy.o
        28          0          0          0          0          0   __scatter_zi.o
        48          6          0          0          0         96   _printf_char_common.o
        36          4          0          0          0         80   _printf_char_file.o
         6          0          0          0          0          0   _printf_d.o
       120         16          0          0          0         92   _printf_dec.o
         6          0          0          0          0          0   _printf_f.o
      1050          0          0          0          0        216   _printf_fp_dec.o
       128         16          0          0          0         84   _printf_fp_infnan.o
       178          0          0          0          0         88   _printf_intcommon.o
         0          0          0          0          0          0   _printf_percent.o
         4          0          0          0          0          0   _printf_percent_end.o
        22          0          0          0          0        100   _rserrno.o
        10          0          0          0          0         68   _sputc.o
        16          0          0          0          0         68   aeabi_memset.o
       220          4        148          0          0         96   bigflt0.o
      1910        128          0          0          0        672   btod.o
        12          0          0          0          0         72   exit.o
         8          0          0          0          0         68   ferror.o
         6          0          0          0          0        152   heapauxi.o
        44         10         28          0          0         76   lc_numeric_c.o
         2          0          0          0          0          0   libinit.o
        18          0          0          0          0          0   libinit2.o
         2          0          0          0          0          0   libshutdown.o
         2          0          0          0          0          0   libshutdown2.o
         8          4          0          0         96         68   libspace.o
        72          0          0          0          0         76   llsdiv.o
       138          0          0          0          0         80   lludiv10.o
       238          0          0          0          0        100   lludivv7m.o
        88          0          0          0          0         76   memcmp.o
        24          4          0          0          0         84   noretval__2printf.o
        40          6          0          0          0         84   noretval__2sprintf.o
         8          4          0          0          0         68   rt_errno_addr_intlibspace.o
         8          4          0          0          0         68   rt_locale_intlibspace.o
        68          0          0          0          0         68   rt_memclr.o
        78          0          0          0          0         80   rt_memclr_w.o
         2          0          0          0          0          0   rtexit.o
        10          0          0          0          0          0   rtexit2.o
       128          0          0          0          0         68   strcmpv7m.o
        74          0          0          0          0         80   sys_stackheap_outer.o
         2          0          0          0          0         68   use_no_semi.o
         2          0          0          0          0         68   use_no_semi_2.o
        98          4          0          0          0         92   d2f.o
       826         16          0          0          0        348   daddsub_clz.o
        16          4          0          0          0         68   dcheck1.o
       688        140          0          0          0        208   ddiv.o
       340         12          0          0          0        104   dmul.o
       156          4          0          0          0         92   dnaninf.o
        12          0          0          0          0         68   dretinf.o
       460         56          0          0          0        120   dsqrt_noumaal.o
        86          4          0          0          0         84   f2d.o
       430          8          0          0          0        168   faddsub_clz.o
        24          0          0          0          0         68   fcmpi.o
       388         76          0          0          0         96   fdiv.o
       104          4          0          0          0         84   feqf.o
        54          4          0          0          0         84   ffix.o
        62          4          0          0          0         84   ffixu.o
        86          0          0          0          0        136   fflt_clz.o
       104          4          0          0          0         84   fleqf.o
       258          4          0          0          0         84   fmul.o
       140          4          0          0          0         84   fnaninf.o
        10          0          0          0          0         68   fretinf.o
        98          0          0          0          0         68   frleqf.o
         4          0          0          0          0         68   printf1.o
       100          0          0          0          0         68   retnan.o
        92          0          0          0          0         68   scalbn.o
        48          0          0          0          0         68   trapv.o
         0          0          0          0          0          0   usenofp.o
       624         52         80          0          0        168   asin.o
       544         70        152          0          0        124   atan.o
       384         38          0          0          0        144   atan2.o
        38          6          0          0          0        272   dunder.o
        40          0          0          0          0         68   fpclassify.o
       170          0          0          0          0         96   poly.o
         0          0          8          0          0          0   qnan.o
        76          0          0          0          0         84   sqrt.o

    ----------------------------------------------------------------------
     11886        732        434          0        100       6912   Library Totals
        32          0          1          0          4          0   (incl. Padding)

    ----------------------------------------------------------------------

      Code (inc. data)   RO Data    RW Data    ZI Data      Debug   Library Name

      5294        218        193          0         96       3392   c_w.l
      4684        348          0          0          0       2564   fz_ws.l
      1876        166        240          0          0        956   m_ws.l

    ----------------------------------------------------------------------
     11886        732        434          0        100       6912   Library Totals

    ----------------------------------------------------------------------

==============================================================================


      Code (inc. data)   RO Data    RW Data    ZI Data      Debug   

     26540       1556       6652        108       2876     319866   Grand Totals
     26540       1556       6652        108       2876     319866   ELF Image Totals
     26540       1556       6652        108          0          0   ROM Totals

==============================================================================

    Total RO  Size (Code + RO Data)                33192 (  32.41kB)
    Total RW  Size (RW Data + ZI Data)              2984 (   2.91kB)
    Total ROM Size (Code + RO Data + RW Data)      33300 (  32.52kB)

==============================================================================

